main.c:67:5:main	40	static
main.c:118:6:SystemClock_Config	88	static
main.c:169:13:MX_CAN1_Init	8	static
main.c:206:13:MX_GPIO_Init	40	static
main.c:238:6:Error_Handler	4	static
main.c:251:6:HAL_CAN_TxMailbox0CompleteCallback	16	static
main.c:255:6:HAL_CAN_TxMailbox1CompleteCallback	16	static
main.c:260:6:HAL_CAN_TxMailbox2CompleteCallback	16	static
main.c:264:6:HAL_CAN_TxMailbox0AbortCallback	16	static
main.c:268:6:HAL_CAN_TxMailbox1AbortCallback	16	static
main.c:272:6:HAL_CAN_TxMailbox2AbortCallback	16	static
main.c:276:6:HAL_CAN_RxFifo0MsgPendingCallback	16	static
main.c:295:6:HAL_CAN_RxFifo0FullCallback	16	static
main.c:299:6:HAL_CAN_RxFifo1MsgPendingCallback	16	static
main.c:303:6:HAL_CAN_RxFifo1FullCallback	16	static
main.c:307:6:HAL_CAN_SleepCallback	16	static
main.c:311:6:HAL_CAN_WakeUpFromRxMsgCallback	16	static
main.c:315:6:HAL_CAN_ErrorCallback	16	static
main.c:329:6:HAL_TIM_PeriodElapsedCallback	16	static
