Archive member included to satisfy reference by file (symbol)

c:/program files (x86)/atollic/truestudio for stm32 9.3.0/armtools/bin/../lib/gcc/arm-atollic-eabi/6.3.1/../../../../arm-atollic-eabi/lib/armv7e-m/fpu\libc_nano.a(lib_a-errno.o)
                              Core\Src\syscalls.o (__errno)
c:/program files (x86)/atollic/truestudio for stm32 9.3.0/armtools/bin/../lib/gcc/arm-atollic-eabi/6.3.1/../../../../arm-atollic-eabi/lib/armv7e-m/fpu\libc_nano.a(lib_a-impure.o)
                              c:/program files (x86)/atollic/truestudio for stm32 9.3.0/armtools/bin/../lib/gcc/arm-atollic-eabi/6.3.1/../../../../arm-atollic-eabi/lib/armv7e-m/fpu\libc_nano.a(lib_a-errno.o) (_impure_ptr)
c:/program files (x86)/atollic/truestudio for stm32 9.3.0/armtools/bin/../lib/gcc/arm-atollic-eabi/6.3.1/../../../../arm-atollic-eabi/lib/armv7e-m/fpu\libc_nano.a(lib_a-init.o)
                              startup\startup_stm32f439xx.o (__libc_init_array)
c:/program files (x86)/atollic/truestudio for stm32 9.3.0/armtools/bin/../lib/gcc/arm-atollic-eabi/6.3.1/../../../../arm-atollic-eabi/lib/armv7e-m/fpu\libc_nano.a(lib_a-memset.o)
                              Core\Src\main.o (memset)
c:/program files (x86)/atollic/truestudio for stm32 9.3.0/armtools/bin/../lib/gcc/arm-atollic-eabi/6.3.1/armv7e-m/fpu\libgcc.a(_aeabi_uldivmod.o)
                              Drivers\STM32F4xx_HAL_Driver\Src\stm32f4xx_hal_rcc.o (__aeabi_uldivmod)
c:/program files (x86)/atollic/truestudio for stm32 9.3.0/armtools/bin/../lib/gcc/arm-atollic-eabi/6.3.1/armv7e-m/fpu\libgcc.a(_udivmoddi4.o)
                              c:/program files (x86)/atollic/truestudio for stm32 9.3.0/armtools/bin/../lib/gcc/arm-atollic-eabi/6.3.1/armv7e-m/fpu\libgcc.a(_aeabi_uldivmod.o) (__udivmoddi4)
c:/program files (x86)/atollic/truestudio for stm32 9.3.0/armtools/bin/../lib/gcc/arm-atollic-eabi/6.3.1/armv7e-m/fpu\libgcc.a(_dvmd_tls.o)
                              c:/program files (x86)/atollic/truestudio for stm32 9.3.0/armtools/bin/../lib/gcc/arm-atollic-eabi/6.3.1/armv7e-m/fpu\libgcc.a(_aeabi_uldivmod.o) (__aeabi_ldiv0)

Allocating common symbols
Common symbol       size              file

uwTick              0x4               Drivers\STM32F4xx_HAL_Driver\Src\stm32f4xx_hal.o
pFlash              0x20              Drivers\STM32F4xx_HAL_Driver\Src\stm32f4xx_hal_flash.o
TxData              0x8               Core\Src\main.o
RxData              0x8               Core\Src\main.o
hcan1               0x28              Core\Src\main.o
htim14              0x48              Core\Src\stm32f4xx_hal_timebase_tim.o

Discarded input sections

 .text          0x00000000        0x0 c:/program files (x86)/atollic/truestudio for stm32 9.3.0/armtools/bin/../lib/gcc/arm-atollic-eabi/6.3.1/armv7e-m/fpu/crti.o
 .data          0x00000000        0x0 c:/program files (x86)/atollic/truestudio for stm32 9.3.0/armtools/bin/../lib/gcc/arm-atollic-eabi/6.3.1/armv7e-m/fpu/crti.o
 .bss           0x00000000        0x0 c:/program files (x86)/atollic/truestudio for stm32 9.3.0/armtools/bin/../lib/gcc/arm-atollic-eabi/6.3.1/armv7e-m/fpu/crti.o
 .data          0x00000000        0x4 c:/program files (x86)/atollic/truestudio for stm32 9.3.0/armtools/bin/../lib/gcc/arm-atollic-eabi/6.3.1/armv7e-m/fpu/crtbegin.o
 .text          0x00000000        0x0 Core\Src\main.o
 .data          0x00000000        0x0 Core\Src\main.o
 .bss           0x00000000        0x0 Core\Src\main.o
 .text          0x00000000        0x0 Core\Src\stm32f4xx_hal_msp.o
 .data          0x00000000        0x0 Core\Src\stm32f4xx_hal_msp.o
 .bss           0x00000000        0x0 Core\Src\stm32f4xx_hal_msp.o
 .text.HAL_CAN_MspDeInit
                0x00000000       0x3c Core\Src\stm32f4xx_hal_msp.o
 .text          0x00000000        0x0 Core\Src\stm32f4xx_hal_timebase_tim.o
 .data          0x00000000        0x0 Core\Src\stm32f4xx_hal_timebase_tim.o
 .bss           0x00000000        0x0 Core\Src\stm32f4xx_hal_timebase_tim.o
 .text.HAL_SuspendTick
                0x00000000       0x24 Core\Src\stm32f4xx_hal_timebase_tim.o
 .text.HAL_ResumeTick
                0x00000000       0x24 Core\Src\stm32f4xx_hal_timebase_tim.o
 .text          0x00000000        0x0 Core\Src\stm32f4xx_it.o
 .data          0x00000000        0x0 Core\Src\stm32f4xx_it.o
 .bss           0x00000000        0x0 Core\Src\stm32f4xx_it.o
 .text          0x00000000        0x0 Core\Src\syscalls.o
 .data          0x00000000        0x0 Core\Src\syscalls.o
 .bss           0x00000000        0x0 Core\Src\syscalls.o
 .bss.__env     0x00000000        0x4 Core\Src\syscalls.o
 .data.environ  0x00000000        0x4 Core\Src\syscalls.o
 .text.initialise_monitor_handles
                0x00000000        0xe Core\Src\syscalls.o
 .text._getpid  0x00000000       0x10 Core\Src\syscalls.o
 .text._kill    0x00000000       0x20 Core\Src\syscalls.o
 .text._exit    0x00000000       0x14 Core\Src\syscalls.o
 .text._read    0x00000000       0x3a Core\Src\syscalls.o
[...]
Memory Configuration

Name             Origin             Length             Attributes
RAM              0x20000000         0x00030000         xrw
CCMRAM           0x10000000         0x00010000         xrw
FLASH            0x08000000         0x00200000         xr
*default*        0x00000000         0xffffffff

Linker script and memory map

LOAD c:/program files (x86)/atollic/truestudio for stm32 9.3.0/armtools/bin/../lib/gcc/arm-atollic-eabi/6.3.1/armv7e-m/fpu/crti.o
LOAD c:/program files (x86)/atollic/truestudio for stm32 9.3.0/armtools/bin/../lib/gcc/arm-atollic-eabi/6.3.1/armv7e-m/fpu/crtbegin.o
LOAD Core\Src\main.o
LOAD Core\Src\stm32f4xx_hal_msp.o
LOAD Core\Src\stm32f4xx_hal_timebase_tim.o
LOAD Core\Src\stm32f4xx_it.o
LOAD Core\Src\syscalls.o
LOAD Core\Src\system_stm32f4xx.o
LOAD Drivers\STM32F4xx_HAL_Driver\Src\stm32f4xx_hal.o
LOAD Drivers\STM32F4xx_HAL_Driver\Src\stm32f4xx_hal_can.o
LOAD Drivers\STM32F4xx_HAL_Driver\Src\stm32f4xx_hal_cortex.o
LOAD Drivers\STM32F4xx_HAL_Driver\Src\stm32f4xx_hal_dma.o
LOAD Drivers\STM32F4xx_HAL_Driver\Src\stm32f4xx_hal_dma_ex.o
LOAD Drivers\STM32F4xx_HAL_Driver\Src\stm32f4xx_hal_exti.o
LOAD Drivers\STM32F4xx_HAL_Driver\Src\stm32f4xx_hal_flash.o
LOAD Drivers\STM32F4xx_HAL_Driver\Src\stm32f4xx_hal_flash_ex.o
LOAD Drivers\STM32F4xx_HAL_Driver\Src\stm32f4xx_hal_flash_ramfunc.o
LOAD Drivers\STM32F4xx_HAL_Driver\Src\stm32f4xx_hal_gpio.o
LOAD Drivers\STM32F4xx_HAL_Driver\Src\stm32f4xx_hal_pwr.o
LOAD Drivers\STM32F4xx_HAL_Driver\Src\stm32f4xx_hal_pwr_ex.o
LOAD Drivers\STM32F4xx_HAL_Driver\Src\stm32f4xx_hal_rcc.o
LOAD Drivers\STM32F4xx_HAL_Driver\Src\stm32f4xx_hal_rcc_ex.o
LOAD Drivers\STM32F4xx_HAL_Driver\Src\stm32f4xx_hal_tim.o
LOAD Drivers\STM32F4xx_HAL_Driver\Src\stm32f4xx_hal_tim_ex.o
LOAD startup\startup_stm32f439xx.o
                0x00000080                malloc_getpagesize_P = 0x80
START GROUP
LOAD c:/program files (x86)/atollic/truestudio for stm32 9.3.0/armtools/bin/../lib/gcc/arm-atollic-eabi/6.3.1/../../../../arm-atollic-eabi/lib/armv7e-m/fpu\libc_nano.a
LOAD c:/program files (x86)/atollic/truestudio for stm32 9.3.0/armtools/bin/../lib/gcc/arm-atollic-eabi/6.3.1/../../../../arm-atollic-eabi/lib/armv7e-m/fpu\libm.a
END GROUP
START GROUP
LOAD c:/program files (x86)/atollic/truestudio for stm32 9.3.0/armtools/bin/../lib/gcc/arm-atollic-eabi/6.3.1/armv7e-m/fpu\libgcc.a
LOAD c:/program files (x86)/atollic/truestudio for stm32 9.3.0/armtools/bin/../lib/gcc/arm-atollic-eabi/6.3.1/../../../../arm-atollic-eabi/lib/armv7e-m/fpu\libc_nano.a
END GROUP
START GROUP
LOAD c:/program files (x86)/atollic/truestudio for stm32 9.3.0/armtools/bin/../lib/gcc/arm-atollic-eabi/6.3.1/armv7e-m/fpu\libgcc.a
LOAD c:/program files (x86)/atollic/truestudio for stm32 9.3.0/armtools/bin/../lib/gcc/arm-atollic-eabi/6.3.1/../../../../arm-atollic-eabi/lib/armv7e-m/fpu\libc_nano.a
LOAD c:/program files (x86)/atollic/truestudio for stm32 9.3.0/armtools/bin/../lib/gcc/arm-atollic-eabi/6.3.1/../../../../arm-atollic-eabi/lib/armv7e-m/fpu\libnosys.a
END GROUP
START GROUP
LOAD c:/program files (x86)/atollic/truestudio for stm32 9.3.0/armtools/bin/../lib/gcc/arm-atollic-eabi/6.3.1/armv7e-m/fpu\libgcc.a
LOAD c:/program files (x86)/atollic/truestudio for stm32 9.3.0/armtools/bin/../lib/gcc/arm-atollic-eabi/6.3.1/../../../../arm-atollic-eabi/lib/armv7e-m/fpu\libc_nano.a
LOAD c:/program files (x86)/atollic/truestudio for stm32 9.3.0/armtools/bin/../lib/gcc/arm-atollic-eabi/6.3.1/../../../../arm-atollic-eabi/lib/armv7e-m/fpu\libnosys.a
END GROUP
LOAD c:/program files (x86)/atollic/truestudio for stm32 9.3.0/armtools/bin/../lib/gcc/arm-atollic-eabi/6.3.1/armv7e-m/fpu/crtend.o
LOAD c:/program files (x86)/atollic/truestudio for stm32 9.3.0/armtools/bin/../lib/gcc/arm-atollic-eabi/6.3.1/armv7e-m/fpu/crtn.o
                0x20030000                _estack = 0x20030000
                0x00000200                _Min_Heap_Size = 0x200
                0x00000400                _Min_Stack_Size = 0x400

.isr_vector     0x08000000      0x1ac
                0x08000000                . = ALIGN (0x4)
 *(.isr_vector)
 .isr_vector    0x08000000      0x1ac startup\startup_stm32f439xx.o
                0x08000000                g_pfnVectors
                0x080001ac                . = ALIGN (0x4)

.text           0x080001ac     0x2da8
                0x080001ac                . = ALIGN (0x4)
 *(.text)
 .text          0x080001ac       0x40 c:/program files (x86)/atollic/truestudio for stm32 9.3.0/armtools/bin/../lib/gcc/arm-atollic-eabi/6.3.1/armv7e-m/fpu/crtbegin.o
 .text          0x080001ec       0x30 c:/program files (x86)/atollic/truestudio for stm32 9.3.0/armtools/bin/../lib/gcc/arm-atollic-eabi/6.3.1/armv7e-m/fpu\libgcc.a(_aeabi_uldivmod.o)
                0x080001ec                __aeabi_uldivmod
 .text          0x0800021c      0x2dc c:/program files (x86)/atollic/truestudio for stm32 9.3.0/armtools/bin/../lib/gcc/arm-atollic-eabi/6.3.1/armv7e-m/fpu\libgcc.a(_udivmoddi4.o)
                0x0800021c                __udivmoddi4
 .text          0x080004f8        0x4 c:/program files (x86)/atollic/truestudio for stm32 9.3.0/armtools/bin/../lib/gcc/arm-atollic-eabi/6.3.1/armv7e-m/fpu\libgcc.a(_dvmd_tls.o)
                0x080004f8                __aeabi_idiv0
                0x080004f8                __aeabi_ldiv0
 *(.text*)
 .text.main     0x080004fc       0x5c Core\Src\main.o
                0x080004fc                main
 .text.SystemClock_Config
                0x08000558       0xe0 Core\Src\main.o
                0x08000558                SystemClock_Config
 .text.MX_CAN1_Init
                0x08000638       0x6c Core\Src\main.o
 .text.MX_GPIO_Init
                0x080006a4       0xd4 Core\Src\main.o
 .text.CAN1_Tx  0x08000778       0x60 Core\Src\main.o
                0x08000778                CAN1_Tx
 .text.CAN_Start
                0x080007d8       0x20 Core\Src\main.o
                0x080007d8                CAN_Start
 .text.CAN1_Rx  0x080007f8       0xd4 Core\Src\main.o
                0x080007f8                CAN1_Rx
 .text.CAN1_FilterConfig
                0x080008cc       0x60 Core\Src\main.o
                0x080008cc                CAN1_FilterConfig
 .text.HAL_CAN_TxMailbox0CompleteCallback
                0x0800092c       0x14 Core\Src\main.o
                0x0800092c                HAL_CAN_TxMailbox0CompleteCallback
 .text.HAL_CAN_TxMailbox1CompleteCallback
                0x08000940       0x14 Core\Src\main.o
                0x08000940                HAL_CAN_TxMailbox1CompleteCallback
 .text.HAL_CAN_TxMailbox2CompleteCallback
                0x08000954       0x14 Core\Src\main.o
                0x08000954                HAL_CAN_TxMailbox2CompleteCallback
 .text.HAL_CAN_TxMailbox0AbortCallback
                0x08000968       0x14 Core\Src\main.o
                0x08000968                HAL_CAN_TxMailbox0AbortCallback
 .text.HAL_CAN_TxMailbox1AbortCallback
                0x0800097c       0x14 Core\Src\main.o
                0x0800097c                HAL_CAN_TxMailbox1AbortCallback
 .text.HAL_CAN_TxMailbox2AbortCallback
                0x08000990       0x14 Core\Src\main.o
                0x08000990                HAL_CAN_TxMailbox2AbortCallback
 .text.HAL_CAN_RxFifo0MsgPendingCallback
                0x080009a4       0x16 Core\Src\main.o
                0x080009a4                HAL_CAN_RxFifo0MsgPendingCallback
 .text.HAL_CAN_RxFifo0FullCallback
                0x080009ba       0x14 Core\Src\main.o
                0x080009ba                HAL_CAN_RxFifo0FullCallback
 .text.HAL_CAN_RxFifo1MsgPendingCallback
                0x080009ce       0x14 Core\Src\main.o
                0x080009ce                HAL_CAN_RxFifo1MsgPendingCallback
 .text.HAL_CAN_RxFifo1FullCallback
                0x080009e2       0x14 Core\Src\main.o
                0x080009e2                HAL_CAN_RxFifo1FullCallback
 .text.HAL_CAN_SleepCallback
                0x080009f6       0x14 Core\Src\main.o
                0x080009f6                HAL_CAN_SleepCallback
 .text.HAL_CAN_WakeUpFromRxMsgCallback
                0x08000a0a       0x14 Core\Src\main.o
                0x08000a0a                HAL_CAN_WakeUpFromRxMsgCallback
 .text.HAL_CAN_ErrorCallback
                0x08000a1e       0x14 Core\Src\main.o
                0x08000a1e                HAL_CAN_ErrorCallback
 *fill*         0x08000a32        0x2 
 .text.HAL_TIM_PeriodElapsedCallback
                0x08000a34       0x24 Core\Src\main.o
                0x08000a34                HAL_TIM_PeriodElapsedCallback
 .text.Error_Handler
                0x08000a58        0x8 Core\Src\main.o
                0x08000a58                Error_Handler
 .text.HAL_MspInit
                0x08000a60       0x50 Core\Src\stm32f4xx_hal_msp.o
                0x08000a60                HAL_MspInit
 .text.HAL_CAN_MspInit
                0x08000ab0       0xa0 Core\Src\stm32f4xx_hal_msp.o
                0x08000ab0                HAL_CAN_MspInit
 .text.HAL_InitTick
                0x08000b50       0xb4 Core\Src\stm32f4xx_hal_timebase_tim.o
                0x08000b50                HAL_InitTick
 .text.NMI_Handler
                0x08000c04        0x6 Core\Src\stm32f4xx_it.o
                0x08000c04                NMI_Handler
 .text.HardFault_Handler
                0x08000c0a        0x6 Core\Src\stm32f4xx_it.o
                0x08000c0a                HardFault_Handler
 .text.MemManage_Handler
                0x08000c10        0x6 Core\Src\stm32f4xx_it.o
                0x08000c10                MemManage_Handler
 .text.BusFault_Handler
                0x08000c16        0x6 Core\Src\stm32f4xx_it.o
                0x08000c16                BusFault_Handler
 .text.UsageFault_Handler
                0x08000c1c        0x6 Core\Src\stm32f4xx_it.o
                0x08000c1c                UsageFault_Handler
 .text.SVC_Handler
                0x08000c22        0xe Core\Src\stm32f4xx_it.o
                0x08000c22                SVC_Handler
 .text.DebugMon_Handler
                0x08000c30        0xe Core\Src\stm32f4xx_it.o
                0x08000c30                DebugMon_Handler
 .text.PendSV_Handler
                0x08000c3e        0xe Core\Src\stm32f4xx_it.o
                0x08000c3e                PendSV_Handler
 .text.SysTick_Handler
                0x08000c4c        0xe Core\Src\stm32f4xx_it.o
                0x08000c4c                SysTick_Handler
 *fill*         0x08000c5a        0x2 
 .text.EXTI15_10_IRQHandler
                0x08000c5c       0xa0 Core\Src\stm32f4xx_it.o
                0x08000c5c                EXTI15_10_IRQHandler
 .text.TIM8_TRG_COM_TIM14_IRQHandler
                0x08000cfc       0x14 Core\Src\stm32f4xx_it.o
                0x08000cfc                TIM8_TRG_COM_TIM14_IRQHandler
 .text.CAN1_TX_IRQHandler
                0x08000d10       0x14 Core\Src\stm32f4xx_it.o
                0x08000d10                CAN1_TX_IRQHandler
 .text.CAN1_RX0_IRQHandler
                0x08000d24       0x14 Core\Src\stm32f4xx_it.o
                0x08000d24                CAN1_RX0_IRQHandler
 .text.CAN1_RX1_IRQHandler
                0x08000d38       0x14 Core\Src\stm32f4xx_it.o
                0x08000d38                CAN1_RX1_IRQHandler
 .text.CAN1_SCE_IRQHandler
                0x08000d4c       0x14 Core\Src\stm32f4xx_it.o
                0x08000d4c                CAN1_SCE_IRQHandler
 .text.SystemInit
                0x08000d60       0x24 Core\Src\system_stm32f4xx.o
                0x08000d60                SystemInit
 .text.HAL_Init
                0x08000d84       0x44 Drivers\STM32F4xx_HAL_Driver\Src\stm32f4xx_hal.o
                0x08000d84                HAL_Init
 .text.HAL_IncTick
                0x08000dc8       0x28 Drivers\STM32F4xx_HAL_Driver\Src\stm32f4xx_hal.o
                0x08000dc8                HAL_IncTick
 .text.HAL_GetTick
                0x08000df0       0x18 Drivers\STM32F4xx_HAL_Driver\Src\stm32f4xx_hal.o
                0x08000df0                HAL_GetTick
 .text.HAL_CAN_Init
                0x08000e08      0x1f4 Drivers\STM32F4xx_HAL_Driver\Src\stm32f4xx_hal_can.o
                0x08000e08                HAL_CAN_Init
 .text.HAL_CAN_ConfigFilter
                0x08000ffc      0x1c0 Drivers\STM32F4xx_HAL_Driver\Src\stm32f4xx_hal_can.o
                0x08000ffc                HAL_CAN_ConfigFilter
 .text.HAL_CAN_Start
                0x080011bc       0x88 Drivers\STM32F4xx_HAL_Driver\Src\stm32f4xx_hal_can.o
                0x080011bc                HAL_CAN_Start
 .text.HAL_CAN_AddTxMessage
                0x08001244      0x1ae Drivers\STM32F4xx_HAL_Driver\Src\stm32f4xx_hal_can.o
                0x08001244                HAL_CAN_AddTxMessage
 .text.HAL_CAN_GetRxMessage
                0x080013f2      0x224 Drivers\STM32F4xx_HAL_Driver\Src\stm32f4xx_hal_can.o
                0x080013f2                HAL_CAN_GetRxMessage
 .text.HAL_CAN_ActivateNotification
                0x08001616       0x4c Drivers\STM32F4xx_HAL_Driver\Src\stm32f4xx_hal_can.o
                0x08001616                HAL_CAN_ActivateNotification
 .text.HAL_CAN_IRQHandler
                0x08001662      0x362 Drivers\STM32F4xx_HAL_Driver\Src\stm32f4xx_hal_can.o
                0x08001662                HAL_CAN_IRQHandler
 .text.__NVIC_SetPriorityGrouping
                0x080019c4       0x48 Drivers\STM32F4xx_HAL_Driver\Src\stm32f4xx_hal_cortex.o
 .text.__NVIC_GetPriorityGrouping
                0x08001a0c       0x1c Drivers\STM32F4xx_HAL_Driver\Src\stm32f4xx_hal_cortex.o
 .text.__NVIC_EnableIRQ
                0x08001a28       0x3c Drivers\STM32F4xx_HAL_Driver\Src\stm32f4xx_hal_cortex.o
 .text.__NVIC_SetPriority
                0x08001a64       0x54 Drivers\STM32F4xx_HAL_Driver\Src\stm32f4xx_hal_cortex.o
 .text.NVIC_EncodePriority
                0x08001ab8       0x62 Drivers\STM32F4xx_HAL_Driver\Src\stm32f4xx_hal_cortex.o
 .text.HAL_NVIC_SetPriorityGrouping
                0x08001b1a       0x16 Drivers\STM32F4xx_HAL_Driver\Src\stm32f4xx_hal_cortex.o
                0x08001b1a                HAL_NVIC_SetPriorityGrouping
 .text.HAL_NVIC_SetPriority
                0x08001b30       0x38 Drivers\STM32F4xx_HAL_Driver\Src\stm32f4xx_hal_cortex.o
                0x08001b30                HAL_NVIC_SetPriority
 .text.HAL_NVIC_EnableIRQ
                0x08001b68       0x1c Drivers\STM32F4xx_HAL_Driver\Src\stm32f4xx_hal_cortex.o
                0x08001b68                HAL_NVIC_EnableIRQ
 .text.HAL_GPIO_Init
                0x08001b84      0x354 Drivers\STM32F4xx_HAL_Driver\Src\stm32f4xx_hal_gpio.o
                0x08001b84                HAL_GPIO_Init
 .text.HAL_GPIO_ReadPin
                0x08001ed8       0x30 Drivers\STM32F4xx_HAL_Driver\Src\stm32f4xx_hal_gpio.o
                0x08001ed8                HAL_GPIO_ReadPin
 .text.HAL_GPIO_WritePin
                0x08001f08       0x32 Drivers\STM32F4xx_HAL_Driver\Src\stm32f4xx_hal_gpio.o
                0x08001f08                HAL_GPIO_WritePin
 *fill*         0x08001f3a        0x2 
 .text.HAL_GPIO_EXTI_IRQHandler
                0x08001f3c       0x30 Drivers\STM32F4xx_HAL_Driver\Src\stm32f4xx_hal_gpio.o
                0x08001f3c                HAL_GPIO_EXTI_IRQHandler
 .text.HAL_GPIO_EXTI_Callback
                0x08001f6c       0x16 Drivers\STM32F4xx_HAL_Driver\Src\stm32f4xx_hal_gpio.o
                0x08001f6c                HAL_GPIO_EXTI_Callback
 *fill*         0x08001f82        0x2 
 .text.HAL_PWREx_EnableOverDrive
                0x08001f84       0xa0 Drivers\STM32F4xx_HAL_Driver\Src\stm32f4xx_hal_pwr_ex.o
                0x08001f84                HAL_PWREx_EnableOverDrive
 .text.HAL_RCC_OscConfig
                0x08002024      0x4f0 Drivers\STM32F4xx_HAL_Driver\Src\stm32f4xx_hal_rcc.o
                0x08002024                HAL_RCC_OscConfig
 .text.HAL_RCC_ClockConfig
                0x08002514      0x1cc Drivers\STM32F4xx_HAL_Driver\Src\stm32f4xx_hal_rcc.o
                0x08002514                HAL_RCC_ClockConfig
 .text.HAL_RCC_GetSysClockFreq
                0x080026e0      0x1b0 Drivers\STM32F4xx_HAL_Driver\Src\stm32f4xx_hal_rcc.o
                0x080026e0                HAL_RCC_GetSysClockFreq
 .text.HAL_RCC_GetHCLKFreq
                0x08002890       0x18 Drivers\STM32F4xx_HAL_Driver\Src\stm32f4xx_hal_rcc.o
                0x08002890                HAL_RCC_GetHCLKFreq
 .text.HAL_RCC_GetPCLK1Freq
                0x080028a8       0x28 Drivers\STM32F4xx_HAL_Driver\Src\stm32f4xx_hal_rcc.o
                0x080028a8                HAL_RCC_GetPCLK1Freq
 .text.HAL_RCC_GetClockConfig
                0x080028d0       0x64 Drivers\STM32F4xx_HAL_Driver\Src\stm32f4xx_hal_rcc.o
                0x080028d0                HAL_RCC_GetClockConfig
 .text.HAL_TIM_Base_Init
                0x08002934       0x9e Drivers\STM32F4xx_HAL_Driver\Src\stm32f4xx_hal_tim.o
                0x08002934                HAL_TIM_Base_Init
 .text.HAL_TIM_Base_MspInit
                0x080029d2       0x14 Drivers\STM32F4xx_HAL_Driver\Src\stm32f4xx_hal_tim.o
                0x080029d2                HAL_TIM_Base_MspInit
 *fill*         0x080029e6        0x2 
 .text.HAL_TIM_Base_Start_IT
                0x080029e8       0xe0 Drivers\STM32F4xx_HAL_Driver\Src\stm32f4xx_hal_tim.o
                0x080029e8                HAL_TIM_Base_Start_IT
 .text.HAL_TIM_IRQHandler
                0x08002ac8      0x210 Drivers\STM32F4xx_HAL_Driver\Src\stm32f4xx_hal_tim.o
                0x08002ac8                HAL_TIM_IRQHandler
 .text.HAL_TIM_OC_DelayElapsedCallback
                0x08002cd8       0x14 Drivers\STM32F4xx_HAL_Driver\Src\stm32f4xx_hal_tim.o
                0x08002cd8                HAL_TIM_OC_DelayElapsedCallback
 .text.HAL_TIM_IC_CaptureCallback
                0x08002cec       0x14 Drivers\STM32F4xx_HAL_Driver\Src\stm32f4xx_hal_tim.o
                0x08002cec                HAL_TIM_IC_CaptureCallback
 .text.HAL_TIM_PWM_PulseFinishedCallback
                0x08002d00       0x14 Drivers\STM32F4xx_HAL_Driver\Src\stm32f4xx_hal_tim.o
                0x08002d00                HAL_TIM_PWM_PulseFinishedCallback
 .text.HAL_TIM_TriggerCallback
                0x08002d14       0x14 Drivers\STM32F4xx_HAL_Driver\Src\stm32f4xx_hal_tim.o
                0x08002d14                HAL_TIM_TriggerCallback
 .text.TIM_Base_SetConfig
                0x08002d28      0x140 Drivers\STM32F4xx_HAL_Driver\Src\stm32f4xx_hal_tim.o
                0x08002d28                TIM_Base_SetConfig
 .text.HAL_TIMEx_CommutCallback
                0x08002e68       0x14 Drivers\STM32F4xx_HAL_Driver\Src\stm32f4xx_hal_tim_ex.o
                0x08002e68                HAL_TIMEx_CommutCallback
 .text.HAL_TIMEx_BreakCallback
                0x08002e7c       0x14 Drivers\STM32F4xx_HAL_Driver\Src\stm32f4xx_hal_tim_ex.o
                0x08002e7c                HAL_TIMEx_BreakCallback
 .text.Reset_Handler
                0x08002e90       0x50 startup\startup_stm32f439xx.o
                0x08002e90                Reset_Handler
 .text.Default_Handler
                0x08002ee0        0x2 startup\startup_stm32f439xx.o
                0x08002ee0                RTC_Alarm_IRQHandler
                0x08002ee0                HASH_RNG_IRQHandler
                0x08002ee0                EXTI2_IRQHandler
                0x08002ee0                TIM8_CC_IRQHandler
                0x08002ee0                UART8_IRQHandler
                0x08002ee0                SPI4_IRQHandler
                0x08002ee0                TIM1_CC_IRQHandler
                0x08002ee0                DMA2_Stream5_IRQHandler
                0x08002ee0                DMA1_Stream5_IRQHandler
                0x08002ee0                PVD_IRQHandler
                0x08002ee0                SDIO_IRQHandler
                0x08002ee0                TAMP_STAMP_IRQHandler
                0x08002ee0                CAN2_RX1_IRQHandler
                0x08002ee0                EXTI3_IRQHandler
                0x08002ee0                TIM1_UP_TIM10_IRQHandler
                0x08002ee0                TIM8_UP_TIM13_IRQHandler
                0x08002ee0                I2C3_ER_IRQHandler
                0x08002ee0                EXTI0_IRQHandler
                0x08002ee0                I2C2_EV_IRQHandler
                0x08002ee0                DMA1_Stream2_IRQHandler
                0x08002ee0                FPU_IRQHandler
                0x08002ee0                OTG_HS_WKUP_IRQHandler
                0x08002ee0                LTDC_ER_IRQHandler
                0x08002ee0                CAN2_SCE_IRQHandler
                0x08002ee0                DMA2_Stream2_IRQHandler
                0x08002ee0                SPI1_IRQHandler
                0x08002ee0                TIM6_DAC_IRQHandler
                0x08002ee0                TIM1_BRK_TIM9_IRQHandler
                0x08002ee0                DCMI_IRQHandler
                0x08002ee0                CAN2_RX0_IRQHandler
                0x08002ee0                DMA2_Stream3_IRQHandler
                0x08002ee0                USART6_IRQHandler
                0x08002ee0                USART3_IRQHandler
                0x08002ee0                CRYP_IRQHandler
                0x08002ee0                UART5_IRQHandler
                0x08002ee0                DMA2_Stream0_IRQHandler
                0x08002ee0                TIM4_IRQHandler
                0x08002ee0                I2C1_EV_IRQHandler
                0x08002ee0                DMA1_Stream6_IRQHandler
                0x08002ee0                DMA1_Stream1_IRQHandler
                0x08002ee0                UART4_IRQHandler
                0x08002ee0                TIM3_IRQHandler
                0x08002ee0                RCC_IRQHandler
                0x08002ee0                TIM8_BRK_TIM12_IRQHandler
                0x08002ee0                Default_Handler
                0x08002ee0                ADC_IRQHandler
                0x08002ee0                DMA1_Stream7_IRQHandler
                0x08002ee0                SPI5_IRQHandler
                0x08002ee0                TIM7_IRQHandler
                0x08002ee0                CAN2_TX_IRQHandler
                0x08002ee0                TIM5_IRQHandler
                0x08002ee0                DMA2_Stream7_IRQHandler
                0x08002ee0                I2C3_EV_IRQHandler
                0x08002ee0                EXTI9_5_IRQHandler
                0x08002ee0                RTC_WKUP_IRQHandler
                0x08002ee0                LTDC_IRQHandler
                0x08002ee0                ETH_WKUP_IRQHandler
                0x08002ee0                SPI2_IRQHandler
                0x08002ee0                OTG_HS_EP1_IN_IRQHandler
                0x08002ee0                DMA1_Stream0_IRQHandler
                0x08002ee0                EXTI4_IRQHandler
                0x08002ee0                ETH_IRQHandler
                0x08002ee0                OTG_HS_EP1_OUT_IRQHandler
                0x08002ee0                WWDG_IRQHandler
                0x08002ee0                SPI6_IRQHandler
                0x08002ee0                TIM2_IRQHandler
                0x08002ee0                OTG_FS_WKUP_IRQHandler
                0x08002ee0                TIM1_TRG_COM_TIM11_IRQHandler
                0x08002ee0                OTG_HS_IRQHandler
                0x08002ee0                DMA2D_IRQHandler
                0x08002ee0                EXTI1_IRQHandler
                0x08002ee0                UART7_IRQHandler
                0x08002ee0                USART2_IRQHandler
                0x08002ee0                I2C2_ER_IRQHandler
                0x08002ee0                DMA2_Stream1_IRQHandler
                0x08002ee0                FLASH_IRQHandler
                0x08002ee0                DMA2_Stream4_IRQHandler
                0x08002ee0                USART1_IRQHandler
                0x08002ee0                OTG_FS_IRQHandler
                0x08002ee0                SPI3_IRQHandler
                0x08002ee0                DMA1_Stream4_IRQHandler
                0x08002ee0                I2C1_ER_IRQHandler
                0x08002ee0                FMC_IRQHandler
                0x08002ee0                DMA2_Stream6_IRQHandler
                0x08002ee0                SAI1_IRQHandler
                0x08002ee0                DMA1_Stream3_IRQHandler
 *fill*         0x08002ee2        0x2 
 .text.__libc_init_array
                0x08002ee4       0x48 c:/program files (x86)/atollic/truestudio for stm32 9.3.0/armtools/bin/../lib/gcc/arm-atollic-eabi/6.3.1/../../../../arm-atollic-eabi/lib/armv7e-m/fpu\libc_nano.a(lib_a-init.o)
                0x08002ee4                __libc_init_array
 .text.memset   0x08002f2c       0x10 c:/program files (x86)/atollic/truestudio for stm32 9.3.0/armtools/bin/../lib/gcc/arm-atollic-eabi/6.3.1/../../../../arm-atollic-eabi/lib/armv7e-m/fpu\libc_nano.a(lib_a-memset.o)
                0x08002f2c                memset
 *(.glue_7)
 .glue_7        0x08002f3c        0x0 linker stubs
 *(.glue_7t)
 .glue_7t       0x08002f3c        0x0 linker stubs
 *(.eh_frame)
 .eh_frame      0x08002f3c        0x0 c:/program files (x86)/atollic/truestudio for stm32 9.3.0/armtools/bin/../lib/gcc/arm-atollic-eabi/6.3.1/armv7e-m/fpu/crtbegin.o
 *(.init)
 .init          0x08002f3c        0x4 c:/program files (x86)/atollic/truestudio for stm32 9.3.0/armtools/bin/../lib/gcc/arm-atollic-eabi/6.3.1/armv7e-m/fpu/crti.o
                0x08002f3c                _init
 .init          0x08002f40        0x8 c:/program files (x86)/atollic/truestudio for stm32 9.3.0/armtools/bin/../lib/gcc/arm-atollic-eabi/6.3.1/armv7e-m/fpu/crtn.o
 *(.fini)
 .fini          0x08002f48        0x4 c:/program files (x86)/atollic/truestudio for stm32 9.3.0/armtools/bin/../lib/gcc/arm-atollic-eabi/6.3.1/armv7e-m/fpu/crti.o
                0x08002f48                _fini
 .fini          0x08002f4c        0x8 c:/program files (x86)/atollic/truestudio for stm32 9.3.0/armtools/bin/../lib/gcc/arm-atollic-eabi/6.3.1/armv7e-m/fpu/crtn.o
                0x08002f54                . = ALIGN (0x4)
                0x08002f54                _etext = .

.vfp11_veneer   0x08002f54        0x0
 .vfp11_veneer  0x08002f54        0x0 linker stubs

.v4_bx          0x08002f54        0x0
 .v4_bx         0x08002f54        0x0 linker stubs

.iplt           0x08002f54        0x0
 .iplt          0x08002f54        0x0 c:/program files (x86)/atollic/truestudio for stm32 9.3.0/armtools/bin/../lib/gcc/arm-atollic-eabi/6.3.1/armv7e-m/fpu/crtbegin.o

.rodata         0x08002f54       0x18
                0x08002f54                . = ALIGN (0x4)
 *(.rodata)
 *(.rodata*)
 .rodata.AHBPrescTable
                0x08002f54       0x10 Core\Src\system_stm32f4xx.o
                0x08002f54                AHBPrescTable
 .rodata.APBPrescTable
                0x08002f64        0x8 Core\Src\system_stm32f4xx.o
                0x08002f64                APBPrescTable
                0x08002f6c                . = ALIGN (0x4)

.ARM.extab
 *(.ARM.extab* .gnu.linkonce.armextab.*)

.ARM            0x08002f6c        0x8
                0x08002f6c                __exidx_start = .
 *(.ARM.exidx*)
 .ARM.exidx     0x08002f6c        0x8 c:/program files (x86)/atollic/truestudio for stm32 9.3.0/armtools/bin/../lib/gcc/arm-atollic-eabi/6.3.1/armv7e-m/fpu\libgcc.a(_udivmoddi4.o)
                0x08002f74                __exidx_end = .

.rel.dyn        0x08002f74        0x0
 .rel.iplt      0x08002f74        0x0 c:/program files (x86)/atollic/truestudio for stm32 9.3.0/armtools/bin/../lib/gcc/arm-atollic-eabi/6.3.1/armv7e-m/fpu/crtbegin.o

.preinit_array  0x08002f74        0x0
                0x08002f74                PROVIDE (__preinit_array_start, .)
 *(.preinit_array*)
                0x08002f74                PROVIDE (__preinit_array_end, .)

.init_array     0x08002f74        0x4
                0x08002f74                PROVIDE (__init_array_start, .)
 *(SORT(.init_array.*))
 *(.init_array*)
 .init_array    0x08002f74        0x4 c:/program files (x86)/atollic/truestudio for stm32 9.3.0/armtools/bin/../lib/gcc/arm-atollic-eabi/6.3.1/armv7e-m/fpu/crtbegin.o
                0x08002f78                PROVIDE (__init_array_end, .)

.fini_array     0x08002f78        0x4
                [!provide]                PROVIDE (__fini_array_start, .)
 *(SORT(.fini_array.*))
 *(.fini_array*)
 .fini_array    0x08002f78        0x4 c:/program files (x86)/atollic/truestudio for stm32 9.3.0/armtools/bin/../lib/gcc/arm-atollic-eabi/6.3.1/armv7e-m/fpu/crtbegin.o
                [!provide]                PROVIDE (__fini_array_end, .)
                0x08002f7c                _sidata = LOADADDR (.data)

.data           0x20000000        0xc load address 0x08002f7c
                0x20000000                . = ALIGN (0x4)
                0x20000000                _sdata = .
 *(.data)
 *(.data*)
 .data.SystemCoreClock
                0x20000000        0x4 Core\Src\system_stm32f4xx.o
                0x20000000                SystemCoreClock
 .data.uwTickPrio
                0x20000004        0x4 Drivers\STM32F4xx_HAL_Driver\Src\stm32f4xx_hal.o
                0x20000004                uwTickPrio
 .data.uwTickFreq
                0x20000008        0x1 Drivers\STM32F4xx_HAL_Driver\Src\stm32f4xx_hal.o
                0x20000008                uwTickFreq
                0x2000000c                . = ALIGN (0x4)
 *fill*         0x20000009        0x3 
                0x2000000c                _edata = .
                0x08002f88                _siccmram = LOADADDR (.ccmram)

.igot.plt       0x2000000c        0x0 load address 0x08002f88
 .igot.plt      0x2000000c        0x0 c:/program files (x86)/atollic/truestudio for stm32 9.3.0/armtools/bin/../lib/gcc/arm-atollic-eabi/6.3.1/armv7e-m/fpu/crtbegin.o

.ccmram         0x10000000        0x0 load address 0x08002f88
                0x10000000                . = ALIGN (0x4)
                0x10000000                _sccmram = .
 *(.ccmram)
 *(.ccmram*)
                0x10000000                . = ALIGN (0x4)
                0x10000000                _eccmram = .
                0x10000000                . = ALIGN (0x4)

.bss            0x2000000c       0xa4
                0x2000000c                _sbss = .
                0x2000000c                __bss_start__ = _sbss
 *(.bss)
 .bss           0x2000000c       0x1c c:/program files (x86)/atollic/truestudio for stm32 9.3.0/armtools/bin/../lib/gcc/arm-atollic-eabi/6.3.1/armv7e-m/fpu/crtbegin.o
 *(.bss*)
 .bss.count     0x20000028        0x1 Core\Src\main.o
                0x20000028                count
 *(COMMON)
 *fill*         0x20000029        0x3 
 COMMON         0x2000002c       0x38 Core\Src\main.o
                0x2000002c                TxData
                0x20000034                RxData
                0x2000003c                hcan1
 COMMON         0x20000064       0x48 Core\Src\stm32f4xx_hal_timebase_tim.o
                0x20000064                htim14
 COMMON         0x200000ac        0x4 Drivers\STM32F4xx_HAL_Driver\Src\stm32f4xx_hal.o
                0x200000ac                uwTick
                0x200000b0                . = ALIGN (0x4)
                0x200000b0                _ebss = .
                0x200000b0                __bss_end__ = _ebss

._user_heap_stack
                0x200000b0      0x600
                0x200000b0                . = ALIGN (0x4)
                0x200000b0                PROVIDE (end, .)
                [!provide]                PROVIDE (_end, .)
                0x200002b0                . = (. + _Min_Heap_Size)
 *fill*         0x200000b0      0x200 
                0x200006b0                . = (. + _Min_Stack_Size)
 *fill*         0x200002b0      0x400 
                0x200006b0                . = ALIGN (0x4)

/DISCARD/
 libc.a(*)
 libm.a(*)
 libgcc.a(*)

.ARM.attributes
                0x00000000       0x30
 *(.ARM.attributes)
 .ARM.attributes
                0x00000000       0x22 c:/program files (x86)/atollic/truestudio for stm32 9.3.0/armtools/bin/../lib/gcc/arm-atollic-eabi/6.3.1/armv7e-m/fpu/crti.o
 .ARM.attributes
                0x00000022       0x34 c:/program files (x86)/atollic/truestudio for stm32 9.3.0/armtools/bin/../lib/gcc/arm-atollic-eabi/6.3.1/armv7e-m/fpu/crtbegin.o
 .ARM.attributes
                0x00000056       0x39 Core\Src\main.o
 .ARM.attributes
                0x0000008f       0x39 Core\Src\stm32f4xx_hal_msp.o
 .ARM.attributes
                0x000000c8       0x39 Core\Src\stm32f4xx_hal_timebase_tim.o
 .ARM.attributes
                0x00000101       0x39 Core\Src\stm32f4xx_it.o
 .ARM.attributes
                0x0000013a       0x39 Core\Src\system_stm32f4xx.o
 .ARM.attributes
                0x00000173       0x39 Drivers\STM32F4xx_HAL_Driver\Src\stm32f4xx_hal.o
 .ARM.attributes
                0x000001ac       0x39 Drivers\STM32F4xx_HAL_Driver\Src\stm32f4xx_hal_can.o
 .ARM.attributes
                0x000001e5       0x39 Drivers\STM32F4xx_HAL_Driver\Src\stm32f4xx_hal_cortex.o
 .ARM.attributes
                0x0000021e       0x39 Drivers\STM32F4xx_HAL_Driver\Src\stm32f4xx_hal_gpio.o
 .ARM.attributes
                0x00000257       0x39 Drivers\STM32F4xx_HAL_Driver\Src\stm32f4xx_hal_pwr_ex.o
 .ARM.attributes
                0x00000290       0x39 Drivers\STM32F4xx_HAL_Driver\Src\stm32f4xx_hal_rcc.o
 .ARM.attributes
                0x000002c9       0x39 Drivers\STM32F4xx_HAL_Driver\Src\stm32f4xx_hal_tim.o
 .ARM.attributes
                0x00000302       0x39 Drivers\STM32F4xx_HAL_Driver\Src\stm32f4xx_hal_tim_ex.o
 .ARM.attributes
                0x0000033b       0x21 startup\startup_stm32f439xx.o
 .ARM.attributes
                0x0000035c       0x34 c:/program files (x86)/atollic/truestudio for stm32 9.3.0/armtools/bin/../lib/gcc/arm-atollic-eabi/6.3.1/../../../../arm-atollic-eabi/lib/armv7e-m/fpu\libc_nano.a(lib_a-init.o)
 .ARM.attributes
                0x00000390       0x34 c:/program files (x86)/atollic/truestudio for stm32 9.3.0/armtools/bin/../lib/gcc/arm-atollic-eabi/6.3.1/../../../../arm-atollic-eabi/lib/armv7e-m/fpu\libc_nano.a(lib_a-memset.o)
 .ARM.attributes
                0x000003c4       0x22 c:/program files (x86)/atollic/truestudio for stm32 9.3.0/armtools/bin/../lib/gcc/arm-atollic-eabi/6.3.1/armv7e-m/fpu\libgcc.a(_aeabi_uldivmod.o)
 .ARM.attributes
                0x000003e6       0x34 c:/program files (x86)/atollic/truestudio for stm32 9.3.0/armtools/bin/../lib/gcc/arm-atollic-eabi/6.3.1/armv7e-m/fpu\libgcc.a(_udivmoddi4.o)
 .ARM.attributes
                0x0000041a       0x22 c:/program files (x86)/atollic/truestudio for stm32 9.3.0/armtools/bin/../lib/gcc/arm-atollic-eabi/6.3.1/armv7e-m/fpu\libgcc.a(_dvmd_tls.o)
 .ARM.attributes
                0x0000043c       0x22 c:/program files (x86)/atollic/truestudio for stm32 9.3.0/armtools/bin/../lib/gcc/arm-atollic-eabi/6.3.1/armv7e-m/fpu/crtn.o
OUTPUT(001_HAL_CANBUS_NORMAL_MODE.elf elf32-littlearm)

.debug_info     0x00000000     0xbfa7
 .debug_info    0x00000000     0x17c0 Core\Src\main.o
 .debug_info    0x000017c0      0xb14 Core\Src\stm32f4xx_hal_msp.o
 .debug_info    0x000022d4      0xc1d Core\Src\stm32f4xx_hal_timebase_tim.o
 .debug_info    0x00002ef1      0xc9b Core\Src\stm32f4xx_it.o
 .debug_info    0x00003b8c      0x570 Core\Src\system_stm32f4xx.o
 .debug_info    0x000040fc      0x9be Drivers\STM32F4xx_HAL_Driver\Src\stm32f4xx_hal.o
 .debug_info    0x00004aba      0xfae Drivers\STM32F4xx_HAL_Driver\Src\stm32f4xx_hal_can.o
 .debug_info    0x00005a68      0xe64 Drivers\STM32F4xx_HAL_Driver\Src\stm32f4xx_hal_cortex.o
 .debug_info    0x000068cc      0x7dd Drivers\STM32F4xx_HAL_Driver\Src\stm32f4xx_hal_gpio.o
 .debug_info    0x000070a9      0x746 Drivers\STM32F4xx_HAL_Driver\Src\stm32f4xx_hal_pwr_ex.o
 .debug_info    0x000077ef      0x91d Drivers\STM32F4xx_HAL_Driver\Src\stm32f4xx_hal_rcc.o
 .debug_info    0x0000810c     0x29a9 Drivers\STM32F4xx_HAL_Driver\Src\stm32f4xx_hal_tim.o
 .debug_info    0x0000aab5     0x1465 Drivers\STM32F4xx_HAL_Driver\Src\stm32f4xx_hal_tim_ex.o
 .debug_info    0x0000bf1a       0x8d startup\startup_stm32f439xx.o

.debug_abbrev   0x00000000     0x19ad
 .debug_abbrev  0x00000000      0x27b Core\Src\main.o
 .debug_abbrev  0x0000027b      0x1a4 Core\Src\stm32f4xx_hal_msp.o
 .debug_abbrev  0x0000041f      0x196 Core\Src\stm32f4xx_hal_timebase_tim.o
 .debug_abbrev  0x000005b5      0x1e2 Core\Src\stm32f4xx_it.o
 .debug_abbrev  0x00000797      0x126 Core\Src\system_stm32f4xx.o
 .debug_abbrev  0x000008bd      0x1c2 Drivers\STM32F4xx_HAL_Driver\Src\stm32f4xx_hal.o
 .debug_abbrev  0x00000a7f      0x218 Drivers\STM32F4xx_HAL_Driver\Src\stm32f4xx_hal_can.o
 .debug_abbrev  0x00000c97      0x2f5 Drivers\STM32F4xx_HAL_Driver\Src\stm32f4xx_hal_cortex.o
 .debug_abbrev  0x00000f8c      0x1c4 Drivers\STM32F4xx_HAL_Driver\Src\stm32f4xx_hal_gpio.o
 .debug_abbrev  0x00001150      0x1b3 Drivers\STM32F4xx_HAL_Driver\Src\stm32f4xx_hal_pwr_ex.o
 .debug_abbrev  0x00001303      0x240 Drivers\STM32F4xx_HAL_Driver\Src\stm32f4xx_hal_rcc.o
 .debug_abbrev  0x00001543      0x229 Drivers\STM32F4xx_HAL_Driver\Src\stm32f4xx_hal_tim.o
 .debug_abbrev  0x0000176c      0x22f Drivers\STM32F4xx_HAL_Driver\Src\stm32f4xx_hal_tim_ex.o
 .debug_abbrev  0x0000199b       0x12 startup\startup_stm32f439xx.o

.debug_aranges  0x00000000      0xbd8
 .debug_aranges
                0x00000000       0xd0 Core\Src\main.o
 .debug_aranges
                0x000000d0       0x30 Core\Src\stm32f4xx_hal_msp.o
 .debug_aranges
                0x00000100       0x30 Core\Src\stm32f4xx_hal_timebase_tim.o
 .debug_aranges
                0x00000130       0x90 Core\Src\stm32f4xx_it.o
 .debug_aranges
                0x000001c0       0x28 Core\Src\system_stm32f4xx.o
 .debug_aranges
                0x000001e8      0x100 Drivers\STM32F4xx_HAL_Driver\Src\stm32f4xx_hal.o
 .debug_aranges
                0x000002e8      0x138 Drivers\STM32F4xx_HAL_Driver\Src\stm32f4xx_hal_can.o
 .debug_aranges
                0x00000420      0x118 Drivers\STM32F4xx_HAL_Driver\Src\stm32f4xx_hal_cortex.o
 .debug_aranges
                0x00000538       0x58 Drivers\STM32F4xx_HAL_Driver\Src\stm32f4xx_hal_gpio.o
 .debug_aranges
                0x00000590       0x60 Drivers\STM32F4xx_HAL_Driver\Src\stm32f4xx_hal_pwr_ex.o
 .debug_aranges
                0x000005f0       0x88 Drivers\STM32F4xx_HAL_Driver\Src\stm32f4xx_hal_rcc.o
 .debug_aranges
                0x00000678      0x3d0 Drivers\STM32F4xx_HAL_Driver\Src\stm32f4xx_hal_tim.o
 .debug_aranges
                0x00000a48      0x168 Drivers\STM32F4xx_HAL_Driver\Src\stm32f4xx_hal_tim_ex.o
 .debug_aranges
                0x00000bb0       0x28 startup\startup_stm32f439xx.o

.debug_ranges   0x00000000      0xb00
 .debug_ranges  0x00000000       0xc0 Core\Src\main.o
 .debug_ranges  0x000000c0       0x20 Core\Src\stm32f4xx_hal_msp.o
 .debug_ranges  0x000000e0       0x20 Core\Src\stm32f4xx_hal_timebase_tim.o
 .debug_ranges  0x00000100       0x80 Core\Src\stm32f4xx_it.o
 .debug_ranges  0x00000180       0x18 Core\Src\system_stm32f4xx.o
 .debug_ranges  0x00000198       0xf0 Drivers\STM32F4xx_HAL_Driver\Src\stm32f4xx_hal.o
 .debug_ranges  0x00000288      0x128 Drivers\STM32F4xx_HAL_Driver\Src\stm32f4xx_hal_can.o
 .debug_ranges  0x000003b0      0x108 Drivers\STM32F4xx_HAL_Driver\Src\stm32f4xx_hal_cortex.o
 .debug_ranges  0x000004b8       0x48 Drivers\STM32F4xx_HAL_Driver\Src\stm32f4xx_hal_gpio.o
 .debug_ranges  0x00000500       0x50 Drivers\STM32F4xx_HAL_Driver\Src\stm32f4xx_hal_pwr_ex.o
 .debug_ranges  0x00000550       0x78 Drivers\STM32F4xx_HAL_Driver\Src\stm32f4xx_hal_rcc.o
 .debug_ranges  0x000005c8      0x3c0 Drivers\STM32F4xx_HAL_Driver\Src\stm32f4xx_hal_tim.o
 .debug_ranges  0x00000988      0x158 Drivers\STM32F4xx_HAL_Driver\Src\stm32f4xx_hal_tim_ex.o
 .debug_ranges  0x00000ae0       0x20 startup\startup_stm32f439xx.o

.debug_line     0x00000000     0x5830
 .debug_line    0x00000000      0x497 Core\Src\main.o
 .debug_line    0x00000497      0x25a Core\Src\stm32f4xx_hal_msp.o
 .debug_line    0x000006f1      0x284 Core\Src\stm32f4xx_hal_timebase_tim.o
 .debug_line    0x00000975      0x37c Core\Src\stm32f4xx_it.o
 .debug_line    0x00000cf1      0x20e Core\Src\system_stm32f4xx.o
 .debug_line    0x00000eff      0x443 Drivers\STM32F4xx_HAL_Driver\Src\stm32f4xx_hal.o
 .debug_line    0x00001342      0x6ed Drivers\STM32F4xx_HAL_Driver\Src\stm32f4xx_hal_can.o
 .debug_line    0x00001a2f      0x553 Drivers\STM32F4xx_HAL_Driver\Src\stm32f4xx_hal_cortex.o
 .debug_line    0x00001f82      0x42c Drivers\STM32F4xx_HAL_Driver\Src\stm32f4xx_hal_gpio.o
 .debug_line    0x000023ae      0x311 Drivers\STM32F4xx_HAL_Driver\Src\stm32f4xx_hal_pwr_ex.o
 .debug_line    0x000026bf      0x4c4 Drivers\STM32F4xx_HAL_Driver\Src\stm32f4xx_hal_rcc.o
 .debug_line    0x00002b83     0x1e21 Drivers\STM32F4xx_HAL_Driver\Src\stm32f4xx_hal_tim.o
 .debug_line    0x000049a4      0xe0b Drivers\STM32F4xx_HAL_Driver\Src\stm32f4xx_hal_tim_ex.o
 .debug_line    0x000057af       0x81 startup\startup_stm32f439xx.o

.debug_str      0x00000000     0x3a90
 .debug_str     0x00000000     0x14d8 Core\Src\main.o
                               0x15cf (size before relaxing)
 .debug_str     0x000014d8       0x4e Core\Src\stm32f4xx_hal_msp.o
                                0xc35 (size before relaxing)
 .debug_str     0x00001526       0xab Core\Src\stm32f4xx_hal_timebase_tim.o
                                0xf50 (size before relaxing)
 .debug_str     0x000015d1      0x12d Core\Src\stm32f4xx_it.o
                                0xbb1 (size before relaxing)
 .debug_str     0x000016fe       0xaf Core\Src\system_stm32f4xx.o
                                0x454 (size before relaxing)
 .debug_str     0x000017ad      0x2a6 Drivers\STM32F4xx_HAL_Driver\Src\stm32f4xx_hal.o
                                0xc4a (size before relaxing)
 .debug_str     0x00001a53      0x2bf Drivers\STM32F4xx_HAL_Driver\Src\stm32f4xx_hal_can.o
                                0xb37 (size before relaxing)
 .debug_str     0x00001d12      0x49e Drivers\STM32F4xx_HAL_Driver\Src\stm32f4xx_hal_cortex.o
                                0xd80 (size before relaxing)
 .debug_str     0x000021b0      0x158 Drivers\STM32F4xx_HAL_Driver\Src\stm32f4xx_hal_gpio.o
                                0x5eb (size before relaxing)
 .debug_str     0x00002308      0x158 Drivers\STM32F4xx_HAL_Driver\Src\stm32f4xx_hal_pwr_ex.o
                                0x5ca (size before relaxing)
 .debug_str     0x00002460      0x1af Drivers\STM32F4xx_HAL_Driver\Src\stm32f4xx_hal_rcc.o
                                0x7a2 (size before relaxing)
 .debug_str     0x0000260f      0xebc Drivers\STM32F4xx_HAL_Driver\Src\stm32f4xx_hal_tim.o
                               0x1770 (size before relaxing)
 .debug_str     0x000034cb      0x5c5 Drivers\STM32F4xx_HAL_Driver\Src\stm32f4xx_hal_tim_ex.o
                                0xf21 (size before relaxing)

.comment        0x00000000       0x7c
 .comment       0x00000000       0x7c Core\Src\main.o
                                 0x7d (size before relaxing)
 .comment       0x0000007c       0x7d Core\Src\stm32f4xx_hal_msp.o
 .comment       0x0000007c       0x7d Core\Src\stm32f4xx_hal_timebase_tim.o
 .comment       0x0000007c       0x7d Core\Src\stm32f4xx_it.o
 .comment       0x0000007c       0x7d Core\Src\system_stm32f4xx.o
 .comment       0x0000007c       0x7d Drivers\STM32F4xx_HAL_Driver\Src\stm32f4xx_hal.o
 .comment       0x0000007c       0x7d Drivers\STM32F4xx_HAL_Driver\Src\stm32f4xx_hal_can.o
 .comment       0x0000007c       0x7d Drivers\STM32F4xx_HAL_Driver\Src\stm32f4xx_hal_cortex.o
 .comment       0x0000007c       0x7d Drivers\STM32F4xx_HAL_Driver\Src\stm32f4xx_hal_gpio.o
 .comment       0x0000007c       0x7d Drivers\STM32F4xx_HAL_Driver\Src\stm32f4xx_hal_pwr_ex.o
 .comment       0x0000007c       0x7d Drivers\STM32F4xx_HAL_Driver\Src\stm32f4xx_hal_rcc.o
 .comment       0x0000007c       0x7d Drivers\STM32F4xx_HAL_Driver\Src\stm32f4xx_hal_tim.o
 .comment       0x0000007c       0x7d Drivers\STM32F4xx_HAL_Driver\Src\stm32f4xx_hal_tim_ex.o

.debug_frame    0x00000000     0x3188
 .debug_frame   0x00000000      0x364 Core\Src\main.o
 .debug_frame   0x00000364       0x7c Core\Src\stm32f4xx_hal_msp.o
 .debug_frame   0x000003e0       0x74 Core\Src\stm32f4xx_hal_timebase_tim.o
 .debug_frame   0x00000454      0x1b8 Core\Src\stm32f4xx_it.o
 .debug_frame   0x0000060c       0x58 Core\Src\system_stm32f4xx.o
 .debug_frame   0x00000664      0x3b4 Drivers\STM32F4xx_HAL_Driver\Src\stm32f4xx_hal.o
 .debug_frame   0x00000a18      0x5a0 Drivers\STM32F4xx_HAL_Driver\Src\stm32f4xx_hal_can.o
 .debug_frame   0x00000fb8      0x498 Drivers\STM32F4xx_HAL_Driver\Src\stm32f4xx_hal_cortex.o
 .debug_frame   0x00001450      0x14c Drivers\STM32F4xx_HAL_Driver\Src\stm32f4xx_hal_gpio.o
 .debug_frame   0x0000159c      0x14c Drivers\STM32F4xx_HAL_Driver\Src\stm32f4xx_hal_pwr_ex.o
 .debug_frame   0x000016e8      0x1f8 Drivers\STM32F4xx_HAL_Driver\Src\stm32f4xx_hal_rcc.o
 .debug_frame   0x000018e0     0x11c4 Drivers\STM32F4xx_HAL_Driver\Src\stm32f4xx_hal_tim.o
 .debug_frame   0x00002aa4      0x638 Drivers\STM32F4xx_HAL_Driver\Src\stm32f4xx_hal_tim_ex.o
 .debug_frame   0x000030dc       0x2c c:/program files (x86)/atollic/truestudio for stm32 9.3.0/armtools/bin/../lib/gcc/arm-atollic-eabi/6.3.1/../../../../arm-atollic-eabi/lib/armv7e-m/fpu\libc_nano.a(lib_a-init.o)
 .debug_frame   0x00003108       0x20 c:/program files (x86)/atollic/truestudio for stm32 9.3.0/armtools/bin/../lib/gcc/arm-atollic-eabi/6.3.1/../../../../arm-atollic-eabi/lib/armv7e-m/fpu\libc_nano.a(lib_a-memset.o)
 .debug_frame   0x00003128       0x2c c:/program files (x86)/atollic/truestudio for stm32 9.3.0/armtools/bin/../lib/gcc/arm-atollic-eabi/6.3.1/armv7e-m/fpu\libgcc.a(_aeabi_uldivmod.o)
 .debug_frame   0x00003154       0x34 c:/program files (x86)/atollic/truestudio for stm32 9.3.0/armtools/bin/../lib/gcc/arm-atollic-eabi/6.3.1/armv7e-m/fpu\libgcc.a(_udivmoddi4.o)
