Archive member included to satisfy reference by file (symbol)

c:/program files (x86)/atollic/truestudio for stm32 9.3.0/armtools/bin/../lib/gcc/arm-atollic-eabi/6.3.1/../../../../arm-atollic-eabi/lib/armv7e-m/fpu\libc_nano.a(lib_a-errno.o)
                              Core\Src\syscalls.o (__errno)
c:/program files (x86)/atollic/truestudio for stm32 9.3.0/armtools/bin/../lib/gcc/arm-atollic-eabi/6.3.1/../../../../arm-atollic-eabi/lib/armv7e-m/fpu\libc_nano.a(lib_a-impure.o)
                              c:/program files (x86)/atollic/truestudio for stm32 9.3.0/armtools/bin/../lib/gcc/arm-atollic-eabi/6.3.1/../../../../arm-atollic-eabi/lib/armv7e-m/fpu\libc_nano.a(lib_a-errno.o) (_impure_ptr)
c:/program files (x86)/atollic/truestudio for stm32 9.3.0/armtools/bin/../lib/gcc/arm-atollic-eabi/6.3.1/../../../../arm-atollic-eabi/lib/armv7e-m/fpu\libc_nano.a(lib_a-init.o)
                              startup\startup_stm32f446xx.o (__libc_init_array)
c:/program files (x86)/atollic/truestudio for stm32 9.3.0/armtools/bin/../lib/gcc/arm-atollic-eabi/6.3.1/../../../../arm-atollic-eabi/lib/armv7e-m/fpu\libc_nano.a(lib_a-memset.o)
                              Core\Src\main.o (memset)
c:/program files (x86)/atollic/truestudio for stm32 9.3.0/armtools/bin/../lib/gcc/arm-atollic-eabi/6.3.1/armv7e-m/fpu\libgcc.a(_aeabi_uldivmod.o)
                              Drivers\STM32F4xx_HAL_Driver\Src\stm32f4xx_hal_rcc.o (__aeabi_uldivmod)
c:/program files (x86)/atollic/truestudio for stm32 9.3.0/armtools/bin/../lib/gcc/arm-atollic-eabi/6.3.1/armv7e-m/fpu\libgcc.a(_udivmoddi4.o)
                              c:/program files (x86)/atollic/truestudio for stm32 9.3.0/armtools/bin/../lib/gcc/arm-atollic-eabi/6.3.1/armv7e-m/fpu\libgcc.a(_aeabi_uldivmod.o) (__udivmoddi4)
c:/program files (x86)/atollic/truestudio for stm32 9.3.0/armtools/bin/../lib/gcc/arm-atollic-eabi/6.3.1/armv7e-m/fpu\libgcc.a(_dvmd_tls.o)
                              c:/program files (x86)/atollic/truestudio for stm32 9.3.0/armtools/bin/../lib/gcc/arm-atollic-eabi/6.3.1/armv7e-m/fpu\libgcc.a(_aeabi_uldivmod.o) (__aeabi_ldiv0)

Allocating common symbols
Common symbol       size              file

sFilterConfig       0x28              Core\Src\main.o
pTxMailbox          0x4               Core\Src\main.o
uwTick              0x4               Drivers\STM32F4xx_HAL_Driver\Src\stm32f4xx_hal.o
pFlash              0x20              Drivers\STM32F4xx_HAL_Driver\Src\stm32f4xx_hal_flash.o
TxData              0x8               Core\Src\main.o
RxData              0x8               Core\Src\main.o
hcan1               0x28              Core\Src\main.o
htim14              0x48              Core\Src\stm32f4xx_hal_timebase_tim.o
TxHeader            0x18              Core\Src\main.o
RxHeader            0x1c              Core\Src\main.o

Discarded input sections

 .text          0x00000000        0x0 c:/program files (x86)/atollic/truestudio for stm32 9.3.0/armtools/bin/../lib/gcc/arm-atollic-eabi/6.3.1/armv7e-m/fpu/crti.o
 .data          0x00000000        0x0 c:/program files (x86)/atollic/truestudio for stm32 9.3.0/armtools/bin/../lib/gcc/arm-atollic-eabi/6.3.1/armv7e-m/fpu/crti.o
 .bss           0x00000000        0x0 c:/program files (x86)/atollic/truestudio for stm32 9.3.0/armtools/bin/../lib/gcc/arm-atollic-eabi/6.3.1/armv7e-m/fpu/crti.o
 .data          0x00000000        0x4 c:/program files (x86)/atollic/truestudio for stm32 9.3.0/armtools/bin/../lib/gcc/arm-atollic-eabi/6.3.1/armv7e-m/fpu/crtbegin.o
 .text          0x00000000        0x0 Core\Src\main.o
 .data          0x00000000        0x0 Core\Src\main.o
 .bss           0x00000000        0x0 Core\Src\main.o
 .text          0x00000000        0x0 Core\Src\stm32f4xx_hal_msp.o
 .data          0x00000000        0x0 Core\Src\stm32f4xx_hal_msp.o
 .bss           0x00000000        0x0 Core\Src\stm32f4xx_hal_msp.o
 .text.HAL_CAN_MspDeInit
                0x00000000       0x3c Core\Src\stm32f4xx_hal_msp.o
 .text          0x00000000        0x0 Core\Src\stm32f4xx_hal_timebase_tim.o
 .data          0x00000000        0x0 Core\Src\stm32f4xx_hal_timebase_tim.o
 .bss           0x00000000        0x0 Core\Src\stm32f4xx_hal_timebase_tim.o
 .text.HAL_SuspendTick
                0x00000000       0x24 Core\Src\stm32f4xx_hal_timebase_tim.o
 .text.HAL_ResumeTick
                0x00000000       0x24 Core\Src\stm32f4xx_hal_timebase_tim.o
 .text          0x00000000        0x0 Core\Src\stm32f4xx_it.o
 .data          0x00000000        0x0 Core\Src\stm32f4xx_it.o
 .bss           0x00000000        0x0 Core\Src\stm32f4xx_it.o
 .text          0x00000000        0x0 Core\Src\syscalls.o
 .data          0x00000000        0x0 Core\Src\syscalls.o
 .bss           0x00000000        0x0 Core\Src\syscalls.o
 .bss.__env     0x00000000        0x4 Core\Src\syscalls.o
 .data.environ  0x00000000        0x4 Core\Src\syscalls.o
 .text.initialise_monitor_handles
                0x00000000        0xe Core\Src\syscalls.o
 .text._getpid  0x00000000       0x10 Core\Src\syscalls.o
[...]
Memory Configuration

Name             Origin             Length             Attributes
RAM              0x20000000         0x00020000         xrw
FLASH            0x08000000         0x00080000         xr
*default*        0x00000000         0xffffffff

Linker script and memory map

LOAD c:/program files (x86)/atollic/truestudio for stm32 9.3.0/armtools/bin/../lib/gcc/arm-atollic-eabi/6.3.1/armv7e-m/fpu/crti.o
LOAD c:/program files (x86)/atollic/truestudio for stm32 9.3.0/armtools/bin/../lib/gcc/arm-atollic-eabi/6.3.1/armv7e-m/fpu/crtbegin.o
LOAD Core\Src\main.o
LOAD Core\Src\stm32f4xx_hal_msp.o
LOAD Core\Src\stm32f4xx_hal_timebase_tim.o
LOAD Core\Src\stm32f4xx_it.o
LOAD Core\Src\syscalls.o
LOAD Core\Src\system_stm32f4xx.o
LOAD Drivers\STM32F4xx_HAL_Driver\Src\stm32f4xx_hal.o
LOAD Drivers\STM32F4xx_HAL_Driver\Src\stm32f4xx_hal_can.o
LOAD Drivers\STM32F4xx_HAL_Driver\Src\stm32f4xx_hal_cortex.o
LOAD Drivers\STM32F4xx_HAL_Driver\Src\stm32f4xx_hal_dma.o
LOAD Drivers\STM32F4xx_HAL_Driver\Src\stm32f4xx_hal_dma_ex.o
LOAD Drivers\STM32F4xx_HAL_Driver\Src\stm32f4xx_hal_exti.o
LOAD Drivers\STM32F4xx_HAL_Driver\Src\stm32f4xx_hal_flash.o
LOAD Drivers\STM32F4xx_HAL_Driver\Src\stm32f4xx_hal_flash_ex.o
LOAD Drivers\STM32F4xx_HAL_Driver\Src\stm32f4xx_hal_flash_ramfunc.o
LOAD Drivers\STM32F4xx_HAL_Driver\Src\stm32f4xx_hal_gpio.o
LOAD Drivers\STM32F4xx_HAL_Driver\Src\stm32f4xx_hal_pwr.o
LOAD Drivers\STM32F4xx_HAL_Driver\Src\stm32f4xx_hal_pwr_ex.o
LOAD Drivers\STM32F4xx_HAL_Driver\Src\stm32f4xx_hal_rcc.o
LOAD Drivers\STM32F4xx_HAL_Driver\Src\stm32f4xx_hal_rcc_ex.o
LOAD Drivers\STM32F4xx_HAL_Driver\Src\stm32f4xx_hal_tim.o
LOAD Drivers\STM32F4xx_HAL_Driver\Src\stm32f4xx_hal_tim_ex.o
LOAD deltav_can\deltav_can.o
LOAD startup\startup_stm32f446xx.o
                0x00000080                malloc_getpagesize_P = 0x80
START GROUP
LOAD c:/program files (x86)/atollic/truestudio for stm32 9.3.0/armtools/bin/../lib/gcc/arm-atollic-eabi/6.3.1/../../../../arm-atollic-eabi/lib/armv7e-m/fpu\libc_nano.a
LOAD c:/program files (x86)/atollic/truestudio for stm32 9.3.0/armtools/bin/../lib/gcc/arm-atollic-eabi/6.3.1/../../../../arm-atollic-eabi/lib/armv7e-m/fpu\libm.a
END GROUP
START GROUP
LOAD c:/program files (x86)/atollic/truestudio for stm32 9.3.0/armtools/bin/../lib/gcc/arm-atollic-eabi/6.3.1/armv7e-m/fpu\libgcc.a
LOAD c:/program files (x86)/atollic/truestudio for stm32 9.3.0/armtools/bin/../lib/gcc/arm-atollic-eabi/6.3.1/../../../../arm-atollic-eabi/lib/armv7e-m/fpu\libc_nano.a
END GROUP
START GROUP
LOAD c:/program files (x86)/atollic/truestudio for stm32 9.3.0/armtools/bin/../lib/gcc/arm-atollic-eabi/6.3.1/armv7e-m/fpu\libgcc.a
LOAD c:/program files (x86)/atollic/truestudio for stm32 9.3.0/armtools/bin/../lib/gcc/arm-atollic-eabi/6.3.1/../../../../arm-atollic-eabi/lib/armv7e-m/fpu\libc_nano.a
LOAD c:/program files (x86)/atollic/truestudio for stm32 9.3.0/armtools/bin/../lib/gcc/arm-atollic-eabi/6.3.1/../../../../arm-atollic-eabi/lib/armv7e-m/fpu\libnosys.a
END GROUP
START GROUP
LOAD c:/program files (x86)/atollic/truestudio for stm32 9.3.0/armtools/bin/../lib/gcc/arm-atollic-eabi/6.3.1/armv7e-m/fpu\libgcc.a
LOAD c:/program files (x86)/atollic/truestudio for stm32 9.3.0/armtools/bin/../lib/gcc/arm-atollic-eabi/6.3.1/../../../../arm-atollic-eabi/lib/armv7e-m/fpu\libc_nano.a
LOAD c:/program files (x86)/atollic/truestudio for stm32 9.3.0/armtools/bin/../lib/gcc/arm-atollic-eabi/6.3.1/../../../../arm-atollic-eabi/lib/armv7e-m/fpu\libnosys.a
END GROUP
LOAD c:/program files (x86)/atollic/truestudio for stm32 9.3.0/armtools/bin/../lib/gcc/arm-atollic-eabi/6.3.1/armv7e-m/fpu/crtend.o
LOAD c:/program files (x86)/atollic/truestudio for stm32 9.3.0/armtools/bin/../lib/gcc/arm-atollic-eabi/6.3.1/armv7e-m/fpu/crtn.o
                0x20020000                _estack = 0x20020000
                0x00000200                _Min_Heap_Size = 0x200
                0x00000400                _Min_Stack_Size = 0x400

.isr_vector     0x08000000      0x1c4
                0x08000000                . = ALIGN (0x4)
 *(.isr_vector)
 .isr_vector    0x08000000      0x1c4 startup\startup_stm32f446xx.o
                0x08000000                g_pfnVectors
                0x080001c4                . = ALIGN (0x4)

.text           0x080001c4     0x3024
                0x080001c4                . = ALIGN (0x4)
 *(.text)
 .text          0x080001c4       0x40 c:/program files (x86)/atollic/truestudio for stm32 9.3.0/armtools/bin/../lib/gcc/arm-atollic-eabi/6.3.1/armv7e-m/fpu/crtbegin.o
 .text          0x08000204       0x30 c:/program files (x86)/atollic/truestudio for stm32 9.3.0/armtools/bin/../lib/gcc/arm-atollic-eabi/6.3.1/armv7e-m/fpu\libgcc.a(_aeabi_uldivmod.o)
                0x08000204                __aeabi_uldivmod
 .text          0x08000234      0x2dc c:/program files (x86)/atollic/truestudio for stm32 9.3.0/armtools/bin/../lib/gcc/arm-atollic-eabi/6.3.1/armv7e-m/fpu\libgcc.a(_udivmoddi4.o)
                0x08000234                __udivmoddi4
 .text          0x08000510        0x4 c:/program files (x86)/atollic/truestudio for stm32 9.3.0/armtools/bin/../lib/gcc/arm-atollic-eabi/6.3.1/armv7e-m/fpu\libgcc.a(_dvmd_tls.o)
                0x08000510                __aeabi_idiv0
                0x08000510                __aeabi_ldiv0
 *(.text*)
 .text.main     0x08000514       0x98 Core\Src\main.o
                0x08000514                main
 .text.SystemClock_Config
                0x080005ac       0xe4 Core\Src\main.o
                0x080005ac                SystemClock_Config
 .text.MX_CAN1_Init
                0x08000690       0x6c Core\Src\main.o
 .text.MX_GPIO_Init
                0x080006fc       0xd4 Core\Src\main.o
 .text.Error_Handler
                0x080007d0        0x8 Core\Src\main.o
                0x080007d0                Error_Handler
 .text.HAL_CAN_TxMailbox0CompleteCallback
                0x080007d8       0x14 Core\Src\main.o
                0x080007d8                HAL_CAN_TxMailbox0CompleteCallback
 .text.HAL_CAN_TxMailbox1CompleteCallback
                0x080007ec       0x14 Core\Src\main.o
                0x080007ec                HAL_CAN_TxMailbox1CompleteCallback
 .text.HAL_CAN_TxMailbox2CompleteCallback
                0x08000800       0x14 Core\Src\main.o
                0x08000800                HAL_CAN_TxMailbox2CompleteCallback
 .text.HAL_CAN_TxMailbox0AbortCallback
                0x08000814       0x14 Core\Src\main.o
                0x08000814                HAL_CAN_TxMailbox0AbortCallback
 .text.HAL_CAN_TxMailbox1AbortCallback
                0x08000828       0x14 Core\Src\main.o
                0x08000828                HAL_CAN_TxMailbox1AbortCallback
 .text.HAL_CAN_TxMailbox2AbortCallback
                0x0800083c       0x14 Core\Src\main.o
                0x0800083c                HAL_CAN_TxMailbox2AbortCallback
 .text.HAL_CAN_RxFifo0MsgPendingCallback
                0x08000850       0xbc Core\Src\main.o
                0x08000850                HAL_CAN_RxFifo0MsgPendingCallback
 .text.HAL_CAN_RxFifo0FullCallback
                0x0800090c       0x14 Core\Src\main.o
                0x0800090c                HAL_CAN_RxFifo0FullCallback
 .text.HAL_CAN_RxFifo1MsgPendingCallback
                0x08000920       0x14 Core\Src\main.o
                0x08000920                HAL_CAN_RxFifo1MsgPendingCallback
 .text.HAL_CAN_RxFifo1FullCallback
                0x08000934       0x14 Core\Src\main.o
                0x08000934                HAL_CAN_RxFifo1FullCallback
 .text.HAL_CAN_SleepCallback
                0x08000948       0x14 Core\Src\main.o
                0x08000948                HAL_CAN_SleepCallback
 .text.HAL_CAN_WakeUpFromRxMsgCallback
                0x0800095c       0x14 Core\Src\main.o
                0x0800095c                HAL_CAN_WakeUpFromRxMsgCallback
 .text.HAL_CAN_ErrorCallback
                0x08000970       0x14 Core\Src\main.o
                0x08000970                HAL_CAN_ErrorCallback
 .text.HAL_TIM_PeriodElapsedCallback
                0x08000984       0x24 Core\Src\main.o
                0x08000984                HAL_TIM_PeriodElapsedCallback
 .text.HAL_MspInit
                0x080009a8       0x50 Core\Src\stm32f4xx_hal_msp.o
                0x080009a8                HAL_MspInit
 .text.HAL_CAN_MspInit
                0x080009f8       0xa0 Core\Src\stm32f4xx_hal_msp.o
                0x080009f8                HAL_CAN_MspInit
 .text.HAL_InitTick
                0x08000a98       0xb4 Core\Src\stm32f4xx_hal_timebase_tim.o
                0x08000a98                HAL_InitTick
 .text.NMI_Handler
                0x08000b4c        0x6 Core\Src\stm32f4xx_it.o
                0x08000b4c                NMI_Handler
 .text.HardFault_Handler
                0x08000b52        0x6 Core\Src\stm32f4xx_it.o
                0x08000b52                HardFault_Handler
 .text.MemManage_Handler
                0x08000b58        0x6 Core\Src\stm32f4xx_it.o
                0x08000b58                MemManage_Handler
 .text.BusFault_Handler
                0x08000b5e        0x6 Core\Src\stm32f4xx_it.o
                0x08000b5e                BusFault_Handler
 .text.UsageFault_Handler
                0x08000b64        0x6 Core\Src\stm32f4xx_it.o
                0x08000b64                UsageFault_Handler
 .text.SVC_Handler
                0x08000b6a        0xe Core\Src\stm32f4xx_it.o
                0x08000b6a                SVC_Handler
 .text.DebugMon_Handler
                0x08000b78        0xe Core\Src\stm32f4xx_it.o
                0x08000b78                DebugMon_Handler
 .text.PendSV_Handler
                0x08000b86        0xe Core\Src\stm32f4xx_it.o
                0x08000b86                PendSV_Handler
 .text.SysTick_Handler
                0x08000b94        0xe Core\Src\stm32f4xx_it.o
                0x08000b94                SysTick_Handler
 *fill*         0x08000ba2        0x2 
 .text.EXTI15_10_IRQHandler
                0x08000ba4       0xa8 Core\Src\stm32f4xx_it.o
                0x08000ba4                EXTI15_10_IRQHandler
 .text.TIM8_TRG_COM_TIM14_IRQHandler
                0x08000c4c       0x14 Core\Src\stm32f4xx_it.o
                0x08000c4c                TIM8_TRG_COM_TIM14_IRQHandler
 .text.CAN1_TX_IRQHandler
                0x08000c60       0x14 Core\Src\stm32f4xx_it.o
                0x08000c60                CAN1_TX_IRQHandler
 .text.CAN1_RX0_IRQHandler
                0x08000c74       0x14 Core\Src\stm32f4xx_it.o
                0x08000c74                CAN1_RX0_IRQHandler
 .text.CAN1_RX1_IRQHandler
                0x08000c88       0x14 Core\Src\stm32f4xx_it.o
                0x08000c88                CAN1_RX1_IRQHandler
 .text.CAN1_SCE_IRQHandler
                0x08000c9c       0x14 Core\Src\stm32f4xx_it.o
                0x08000c9c                CAN1_SCE_IRQHandler
 .text.SystemInit
                0x08000cb0       0x24 Core\Src\system_stm32f4xx.o
                0x08000cb0                SystemInit
 .text.HAL_Init
                0x08000cd4       0x44 Drivers\STM32F4xx_HAL_Driver\Src\stm32f4xx_hal.o
                0x08000cd4                HAL_Init
 .text.HAL_IncTick
                0x08000d18       0x28 Drivers\STM32F4xx_HAL_Driver\Src\stm32f4xx_hal.o
                0x08000d18                HAL_IncTick
 .text.HAL_GetTick
                0x08000d40       0x18 Drivers\STM32F4xx_HAL_Driver\Src\stm32f4xx_hal.o
                0x08000d40                HAL_GetTick
 .text.HAL_CAN_Init
                0x08000d58      0x1f4 Drivers\STM32F4xx_HAL_Driver\Src\stm32f4xx_hal_can.o
                0x08000d58                HAL_CAN_Init
 .text.HAL_CAN_ConfigFilter
                0x08000f4c      0x1c0 Drivers\STM32F4xx_HAL_Driver\Src\stm32f4xx_hal_can.o
                0x08000f4c                HAL_CAN_ConfigFilter
 .text.HAL_CAN_Start
                0x0800110c       0x88 Drivers\STM32F4xx_HAL_Driver\Src\stm32f4xx_hal_can.o
                0x0800110c                HAL_CAN_Start
 .text.HAL_CAN_AddTxMessage
                0x08001194      0x1ae Drivers\STM32F4xx_HAL_Driver\Src\stm32f4xx_hal_can.o
                0x08001194                HAL_CAN_AddTxMessage
 .text.HAL_CAN_GetRxMessage
                0x08001342      0x224 Drivers\STM32F4xx_HAL_Driver\Src\stm32f4xx_hal_can.o
                0x08001342                HAL_CAN_GetRxMessage
 .text.HAL_CAN_ActivateNotification
                0x08001566       0x4c Drivers\STM32F4xx_HAL_Driver\Src\stm32f4xx_hal_can.o
                0x08001566                HAL_CAN_ActivateNotification
 .text.HAL_CAN_IRQHandler
                0x080015b2      0x362 Drivers\STM32F4xx_HAL_Driver\Src\stm32f4xx_hal_can.o
                0x080015b2                HAL_CAN_IRQHandler
 .text.__NVIC_SetPriorityGrouping
                0x08001914       0x48 Drivers\STM32F4xx_HAL_Driver\Src\stm32f4xx_hal_cortex.o
 .text.__NVIC_GetPriorityGrouping
                0x0800195c       0x1c Drivers\STM32F4xx_HAL_Driver\Src\stm32f4xx_hal_cortex.o
 .text.__NVIC_EnableIRQ
                0x08001978       0x3c Drivers\STM32F4xx_HAL_Driver\Src\stm32f4xx_hal_cortex.o
 .text.__NVIC_SetPriority
                0x080019b4       0x54 Drivers\STM32F4xx_HAL_Driver\Src\stm32f4xx_hal_cortex.o
 .text.NVIC_EncodePriority
                0x08001a08       0x62 Drivers\STM32F4xx_HAL_Driver\Src\stm32f4xx_hal_cortex.o
 .text.HAL_NVIC_SetPriorityGrouping
                0x08001a6a       0x16 Drivers\STM32F4xx_HAL_Driver\Src\stm32f4xx_hal_cortex.o
                0x08001a6a                HAL_NVIC_SetPriorityGrouping
 .text.HAL_NVIC_SetPriority
                0x08001a80       0x38 Drivers\STM32F4xx_HAL_Driver\Src\stm32f4xx_hal_cortex.o
                0x08001a80                HAL_NVIC_SetPriority
 .text.HAL_NVIC_EnableIRQ
                0x08001ab8       0x1c Drivers\STM32F4xx_HAL_Driver\Src\stm32f4xx_hal_cortex.o
                0x08001ab8                HAL_NVIC_EnableIRQ
 .text.HAL_GPIO_Init
                0x08001ad4      0x324 Drivers\STM32F4xx_HAL_Driver\Src\stm32f4xx_hal_gpio.o
                0x08001ad4                HAL_GPIO_Init
 .text.HAL_GPIO_ReadPin
                0x08001df8       0x30 Drivers\STM32F4xx_HAL_Driver\Src\stm32f4xx_hal_gpio.o
                0x08001df8                HAL_GPIO_ReadPin
 .text.HAL_GPIO_WritePin
                0x08001e28       0x32 Drivers\STM32F4xx_HAL_Driver\Src\stm32f4xx_hal_gpio.o
                0x08001e28                HAL_GPIO_WritePin
 *fill*         0x08001e5a        0x2 
 .text.HAL_GPIO_EXTI_IRQHandler
                0x08001e5c       0x30 Drivers\STM32F4xx_HAL_Driver\Src\stm32f4xx_hal_gpio.o
                0x08001e5c                HAL_GPIO_EXTI_IRQHandler
 .text.HAL_GPIO_EXTI_Callback
                0x08001e8c       0x16 Drivers\STM32F4xx_HAL_Driver\Src\stm32f4xx_hal_gpio.o
                0x08001e8c                HAL_GPIO_EXTI_Callback
 *fill*         0x08001ea2        0x2 
 .text.HAL_PWREx_EnableOverDrive
                0x08001ea4       0xa0 Drivers\STM32F4xx_HAL_Driver\Src\stm32f4xx_hal_pwr_ex.o
                0x08001ea4                HAL_PWREx_EnableOverDrive
 .text.HAL_RCC_ClockConfig
                0x08001f44      0x1cc Drivers\STM32F4xx_HAL_Driver\Src\stm32f4xx_hal_rcc.o
                0x08001f44                HAL_RCC_ClockConfig
 .text.HAL_RCC_GetHCLKFreq
                0x08002110       0x18 Drivers\STM32F4xx_HAL_Driver\Src\stm32f4xx_hal_rcc.o
                0x08002110                HAL_RCC_GetHCLKFreq
 .text.HAL_RCC_GetPCLK1Freq
                0x08002128       0x28 Drivers\STM32F4xx_HAL_Driver\Src\stm32f4xx_hal_rcc.o
                0x08002128                HAL_RCC_GetPCLK1Freq
 .text.HAL_RCC_GetClockConfig
                0x08002150       0x64 Drivers\STM32F4xx_HAL_Driver\Src\stm32f4xx_hal_rcc.o
                0x08002150                HAL_RCC_GetClockConfig
 .text.HAL_RCC_GetSysClockFreq
                0x080021b4      0x36c Drivers\STM32F4xx_HAL_Driver\Src\stm32f4xx_hal_rcc_ex.o
                0x080021b4                HAL_RCC_GetSysClockFreq
 .text.HAL_RCC_OscConfig
                0x08002520      0x53c Drivers\STM32F4xx_HAL_Driver\Src\stm32f4xx_hal_rcc_ex.o
                0x08002520                HAL_RCC_OscConfig
 .text.HAL_TIM_Base_Init
                0x08002a5c       0x9e Drivers\STM32F4xx_HAL_Driver\Src\stm32f4xx_hal_tim.o
                0x08002a5c                HAL_TIM_Base_Init
 .text.HAL_TIM_Base_MspInit
                0x08002afa       0x14 Drivers\STM32F4xx_HAL_Driver\Src\stm32f4xx_hal_tim.o
                0x08002afa                HAL_TIM_Base_MspInit
 *fill*         0x08002b0e        0x2 
 .text.HAL_TIM_Base_Start_IT
                0x08002b10       0xe0 Drivers\STM32F4xx_HAL_Driver\Src\stm32f4xx_hal_tim.o
                0x08002b10                HAL_TIM_Base_Start_IT
 .text.HAL_TIM_IRQHandler
                0x08002bf0      0x210 Drivers\STM32F4xx_HAL_Driver\Src\stm32f4xx_hal_tim.o
                0x08002bf0                HAL_TIM_IRQHandler
 .text.HAL_TIM_OC_DelayElapsedCallback
                0x08002e00       0x14 Drivers\STM32F4xx_HAL_Driver\Src\stm32f4xx_hal_tim.o
                0x08002e00                HAL_TIM_OC_DelayElapsedCallback
 .text.HAL_TIM_IC_CaptureCallback
                0x08002e14       0x14 Drivers\STM32F4xx_HAL_Driver\Src\stm32f4xx_hal_tim.o
                0x08002e14                HAL_TIM_IC_CaptureCallback
 .text.HAL_TIM_PWM_PulseFinishedCallback
                0x08002e28       0x14 Drivers\STM32F4xx_HAL_Driver\Src\stm32f4xx_hal_tim.o
                0x08002e28                HAL_TIM_PWM_PulseFinishedCallback
 .text.HAL_TIM_TriggerCallback
                0x08002e3c       0x14 Drivers\STM32F4xx_HAL_Driver\Src\stm32f4xx_hal_tim.o
                0x08002e3c                HAL_TIM_TriggerCallback
 .text.TIM_Base_SetConfig
                0x08002e50      0x140 Drivers\STM32F4xx_HAL_Driver\Src\stm32f4xx_hal_tim.o
                0x08002e50                TIM_Base_SetConfig
 .text.HAL_TIMEx_CommutCallback
                0x08002f90       0x14 Drivers\STM32F4xx_HAL_Driver\Src\stm32f4xx_hal_tim_ex.o
                0x08002f90                HAL_TIMEx_CommutCallback
 .text.HAL_TIMEx_BreakCallback
                0x08002fa4       0x14 Drivers\STM32F4xx_HAL_Driver\Src\stm32f4xx_hal_tim_ex.o
                0x08002fa4                HAL_TIMEx_BreakCallback
 .text.CAN_Tx   0x08002fb8       0x70 deltav_can\deltav_can.o
                0x08002fb8                CAN_Tx
 .text.CAN_Start
                0x08003028       0x20 deltav_can\deltav_can.o
                0x08003028                CAN_Start
 .text.CAN_Rx   0x08003048       0x30 deltav_can\deltav_can.o
                0x08003048                CAN_Rx
 .text.CAN_FilterConfig
                0x08003078       0xac deltav_can\deltav_can.o
                0x08003078                CAN_FilterConfig
 .text.Reset_Handler
                0x08003124       0x50 startup\startup_stm32f446xx.o
                0x08003124                Reset_Handler
 .text.Default_Handler
                0x08003174        0x2 startup\startup_stm32f446xx.o
                0x08003174                RTC_Alarm_IRQHandler
                0x08003174                EXTI2_IRQHandler
                0x08003174                TIM8_CC_IRQHandler
                0x08003174                FMPI2C1_EV_IRQHandler
                0x08003174                SPI4_IRQHandler
                0x08003174                TIM1_CC_IRQHandler
                0x08003174                DMA2_Stream5_IRQHandler
                0x08003174                DMA1_Stream5_IRQHandler
                0x08003174                PVD_IRQHandler
                0x08003174                SDIO_IRQHandler
                0x08003174                TAMP_STAMP_IRQHandler
                0x08003174                CAN2_RX1_IRQHandler
                0x08003174                EXTI3_IRQHandler
                0x08003174                TIM1_UP_TIM10_IRQHandler
                0x08003174                TIM8_UP_TIM13_IRQHandler
                0x08003174                I2C3_ER_IRQHandler
                0x08003174                EXTI0_IRQHandler
                0x08003174                I2C2_EV_IRQHandler
                0x08003174                DMA1_Stream2_IRQHandler
                0x08003174                FPU_IRQHandler
                0x08003174                OTG_HS_WKUP_IRQHandler
                0x08003174                CAN2_SCE_IRQHandler
                0x08003174                DMA2_Stream2_IRQHandler
                0x08003174                SPI1_IRQHandler
                0x08003174                TIM6_DAC_IRQHandler
                0x08003174                TIM1_BRK_TIM9_IRQHandler
                0x08003174                DCMI_IRQHandler
                0x08003174                CAN2_RX0_IRQHandler
                0x08003174                DMA2_Stream3_IRQHandler
                0x08003174                SAI2_IRQHandler
                0x08003174                USART6_IRQHandler
                0x08003174                USART3_IRQHandler
                0x08003174                UART5_IRQHandler
                0x08003174                DMA2_Stream0_IRQHandler
                0x08003174                TIM4_IRQHandler
                0x08003174                QUADSPI_IRQHandler
                0x08003174                I2C1_EV_IRQHandler
                0x08003174                DMA1_Stream6_IRQHandler
                0x08003174                DMA1_Stream1_IRQHandler
                0x08003174                UART4_IRQHandler
                0x08003174                TIM3_IRQHandler
                0x08003174                RCC_IRQHandler
                0x08003174                TIM8_BRK_TIM12_IRQHandler
                0x08003174                Default_Handler
                0x08003174                CEC_IRQHandler
                0x08003174                ADC_IRQHandler
                0x08003174                DMA1_Stream7_IRQHandler
                0x08003174                TIM7_IRQHandler
                0x08003174                CAN2_TX_IRQHandler
                0x08003174                TIM5_IRQHandler
                0x08003174                DMA2_Stream7_IRQHandler
                0x08003174                I2C3_EV_IRQHandler
                0x08003174                EXTI9_5_IRQHandler
                0x08003174                RTC_WKUP_IRQHandler
                0x08003174                SPDIF_RX_IRQHandler
                0x08003174                SPI2_IRQHandler
                0x08003174                OTG_HS_EP1_IN_IRQHandler
                0x08003174                DMA1_Stream0_IRQHandler
                0x08003174                FMPI2C1_ER_IRQHandler
                0x08003174                EXTI4_IRQHandler
                0x08003174                OTG_HS_EP1_OUT_IRQHandler
                0x08003174                WWDG_IRQHandler
                0x08003174                TIM2_IRQHandler
                0x08003174                OTG_FS_WKUP_IRQHandler
                0x08003174                TIM1_TRG_COM_TIM11_IRQHandler
                0x08003174                OTG_HS_IRQHandler
                0x08003174                EXTI1_IRQHandler
                0x08003174                USART2_IRQHandler
                0x08003174                I2C2_ER_IRQHandler
                0x08003174                DMA2_Stream1_IRQHandler
                0x08003174                FLASH_IRQHandler
                0x08003174                DMA2_Stream4_IRQHandler
                0x08003174                USART1_IRQHandler
                0x08003174                OTG_FS_IRQHandler
                0x08003174                SPI3_IRQHandler
                0x08003174                DMA1_Stream4_IRQHandler
                0x08003174                I2C1_ER_IRQHandler
                0x08003174                FMC_IRQHandler
                0x08003174                DMA2_Stream6_IRQHandler
                0x08003174                SAI1_IRQHandler
                0x08003174                DMA1_Stream3_IRQHandler
 *fill*         0x08003176        0x2 
 .text.__libc_init_array
                0x08003178       0x48 c:/program files (x86)/atollic/truestudio for stm32 9.3.0/armtools/bin/../lib/gcc/arm-atollic-eabi/6.3.1/../../../../arm-atollic-eabi/lib/armv7e-m/fpu\libc_nano.a(lib_a-init.o)
                0x08003178                __libc_init_array
 .text.memset   0x080031c0       0x10 c:/program files (x86)/atollic/truestudio for stm32 9.3.0/armtools/bin/../lib/gcc/arm-atollic-eabi/6.3.1/../../../../arm-atollic-eabi/lib/armv7e-m/fpu\libc_nano.a(lib_a-memset.o)
                0x080031c0                memset
 *(.glue_7)
 .glue_7        0x080031d0        0x0 linker stubs
 *(.glue_7t)
 .glue_7t       0x080031d0        0x0 linker stubs
 *(.eh_frame)
 .eh_frame      0x080031d0        0x0 c:/program files (x86)/atollic/truestudio for stm32 9.3.0/armtools/bin/../lib/gcc/arm-atollic-eabi/6.3.1/armv7e-m/fpu/crtbegin.o
 *(.init)
 .init          0x080031d0        0x4 c:/program files (x86)/atollic/truestudio for stm32 9.3.0/armtools/bin/../lib/gcc/arm-atollic-eabi/6.3.1/armv7e-m/fpu/crti.o
                0x080031d0                _init
 .init          0x080031d4        0x8 c:/program files (x86)/atollic/truestudio for stm32 9.3.0/armtools/bin/../lib/gcc/arm-atollic-eabi/6.3.1/armv7e-m/fpu/crtn.o
 *(.fini)
 .fini          0x080031dc        0x4 c:/program files (x86)/atollic/truestudio for stm32 9.3.0/armtools/bin/../lib/gcc/arm-atollic-eabi/6.3.1/armv7e-m/fpu/crti.o
                0x080031dc                _fini
 .fini          0x080031e0        0x8 c:/program files (x86)/atollic/truestudio for stm32 9.3.0/armtools/bin/../lib/gcc/arm-atollic-eabi/6.3.1/armv7e-m/fpu/crtn.o
                0x080031e8                . = ALIGN (0x4)
                0x080031e8                _etext = .

.vfp11_veneer   0x080031e8        0x0
 .vfp11_veneer  0x080031e8        0x0 linker stubs

.v4_bx          0x080031e8        0x0
 .v4_bx         0x080031e8        0x0 linker stubs

.iplt           0x080031e8        0x0
 .iplt          0x080031e8        0x0 c:/program files (x86)/atollic/truestudio for stm32 9.3.0/armtools/bin/../lib/gcc/arm-atollic-eabi/6.3.1/armv7e-m/fpu/crtbegin.o

.rodata         0x080031e8       0x18
                0x080031e8                . = ALIGN (0x4)
 *(.rodata)
 *(.rodata*)
 .rodata.AHBPrescTable
                0x080031e8       0x10 Core\Src\system_stm32f4xx.o
                0x080031e8                AHBPrescTable
 .rodata.APBPrescTable
                0x080031f8        0x8 Core\Src\system_stm32f4xx.o
                0x080031f8                APBPrescTable
                0x08003200                . = ALIGN (0x4)

.ARM.extab
 *(.ARM.extab* .gnu.linkonce.armextab.*)

.ARM            0x08003200        0x8
                0x08003200                __exidx_start = .
 *(.ARM.exidx*)
 .ARM.exidx     0x08003200        0x8 c:/program files (x86)/atollic/truestudio for stm32 9.3.0/armtools/bin/../lib/gcc/arm-atollic-eabi/6.3.1/armv7e-m/fpu\libgcc.a(_udivmoddi4.o)
                0x08003208                __exidx_end = .

.rel.dyn        0x08003208        0x0
 .rel.iplt      0x08003208        0x0 c:/program files (x86)/atollic/truestudio for stm32 9.3.0/armtools/bin/../lib/gcc/arm-atollic-eabi/6.3.1/armv7e-m/fpu/crtbegin.o

.preinit_array  0x08003208        0x0
                0x08003208                PROVIDE (__preinit_array_start, .)
 *(.preinit_array*)
                0x08003208                PROVIDE (__preinit_array_end, .)

.init_array     0x08003208        0x4
                0x08003208                PROVIDE (__init_array_start, .)
 *(SORT(.init_array.*))
 *(.init_array*)
 .init_array    0x08003208        0x4 c:/program files (x86)/atollic/truestudio for stm32 9.3.0/armtools/bin/../lib/gcc/arm-atollic-eabi/6.3.1/armv7e-m/fpu/crtbegin.o
                0x0800320c                PROVIDE (__init_array_end, .)

.fini_array     0x0800320c        0x4
                [!provide]                PROVIDE (__fini_array_start, .)
 *(SORT(.fini_array.*))
 *(.fini_array*)
 .fini_array    0x0800320c        0x4 c:/program files (x86)/atollic/truestudio for stm32 9.3.0/armtools/bin/../lib/gcc/arm-atollic-eabi/6.3.1/armv7e-m/fpu/crtbegin.o
                [!provide]                PROVIDE (__fini_array_end, .)
                0x08003210                _sidata = LOADADDR (.data)

.data           0x20000000        0xc load address 0x08003210
                0x20000000                . = ALIGN (0x4)
                0x20000000                _sdata = .
 *(.data)
 *(.data*)
 .data.SystemCoreClock
                0x20000000        0x4 Core\Src\system_stm32f4xx.o
                0x20000000                SystemCoreClock
 .data.uwTickPrio
                0x20000004        0x4 Drivers\STM32F4xx_HAL_Driver\Src\stm32f4xx_hal.o
                0x20000004                uwTickPrio
 .data.uwTickFreq
                0x20000008        0x1 Drivers\STM32F4xx_HAL_Driver\Src\stm32f4xx_hal.o
                0x20000008                uwTickFreq
                0x2000000c                . = ALIGN (0x4)
 *fill*         0x20000009        0x3 
                0x2000000c                _edata = .

.igot.plt       0x2000000c        0x0 load address 0x0800321c
 .igot.plt      0x2000000c        0x0 c:/program files (x86)/atollic/truestudio for stm32 9.3.0/armtools/bin/../lib/gcc/arm-atollic-eabi/6.3.1/armv7e-m/fpu/crtbegin.o
                0x2000000c                . = ALIGN (0x4)

.bss            0x2000000c      0x104 load address 0x0800321c
                0x2000000c                _sbss = .
                0x2000000c                __bss_start__ = _sbss
 *(.bss)
 .bss           0x2000000c       0x1c c:/program files (x86)/atollic/truestudio for stm32 9.3.0/armtools/bin/../lib/gcc/arm-atollic-eabi/6.3.1/armv7e-m/fpu/crtbegin.o
 *(.bss*)
 .bss.count     0x20000028        0x1 Core\Src\main.o
                0x20000028                count
 *(COMMON)
 *fill*         0x20000029        0x3 
 COMMON         0x2000002c       0x98 Core\Src\main.o
                0x2000002c                sFilterConfig
                0x20000054                pTxMailbox
                0x20000058                TxData
                0x20000060                RxData
                0x20000068                hcan1
                0x20000090                TxHeader
                0x200000a8                RxHeader
 COMMON         0x200000c4       0x48 Core\Src\stm32f4xx_hal_timebase_tim.o
                0x200000c4                htim14
 COMMON         0x2000010c        0x4 Drivers\STM32F4xx_HAL_Driver\Src\stm32f4xx_hal.o
                0x2000010c                uwTick
                0x20000110                . = ALIGN (0x4)
                0x20000110                _ebss = .
                0x20000110                __bss_end__ = _ebss

._user_heap_stack
                0x20000110      0x600 load address 0x0800321c
                0x20000110                . = ALIGN (0x4)
                0x20000110                PROVIDE (end, .)
                [!provide]                PROVIDE (_end, .)
                0x20000310                . = (. + _Min_Heap_Size)
 *fill*         0x20000110      0x200 
                0x20000710                . = (. + _Min_Stack_Size)
 *fill*         0x20000310      0x400 
                0x20000710                . = ALIGN (0x4)

/DISCARD/
 libc.a(*)
 libm.a(*)
 libgcc.a(*)

.ARM.attributes
                0x00000000       0x30
 *(.ARM.attributes)
 .ARM.attributes
                0x00000000       0x22 c:/program files (x86)/atollic/truestudio for stm32 9.3.0/armtools/bin/../lib/gcc/arm-atollic-eabi/6.3.1/armv7e-m/fpu/crti.o
 .ARM.attributes
                0x00000022       0x34 c:/program files (x86)/atollic/truestudio for stm32 9.3.0/armtools/bin/../lib/gcc/arm-atollic-eabi/6.3.1/armv7e-m/fpu/crtbegin.o
 .ARM.attributes
                0x00000056       0x39 Core\Src\main.o
 .ARM.attributes
                0x0000008f       0x39 Core\Src\stm32f4xx_hal_msp.o
 .ARM.attributes
                0x000000c8       0x39 Core\Src\stm32f4xx_hal_timebase_tim.o
 .ARM.attributes
                0x00000101       0x39 Core\Src\stm32f4xx_it.o
 .ARM.attributes
                0x0000013a       0x39 Core\Src\system_stm32f4xx.o
 .ARM.attributes
                0x00000173       0x39 Drivers\STM32F4xx_HAL_Driver\Src\stm32f4xx_hal.o
 .ARM.attributes
                0x000001ac       0x39 Drivers\STM32F4xx_HAL_Driver\Src\stm32f4xx_hal_can.o
 .ARM.attributes
                0x000001e5       0x39 Drivers\STM32F4xx_HAL_Driver\Src\stm32f4xx_hal_cortex.o
 .ARM.attributes
                0x0000021e       0x39 Drivers\STM32F4xx_HAL_Driver\Src\stm32f4xx_hal_gpio.o
 .ARM.attributes
                0x00000257       0x39 Drivers\STM32F4xx_HAL_Driver\Src\stm32f4xx_hal_pwr_ex.o
 .ARM.attributes
                0x00000290       0x39 Drivers\STM32F4xx_HAL_Driver\Src\stm32f4xx_hal_rcc.o
 .ARM.attributes
                0x000002c9       0x39 Drivers\STM32F4xx_HAL_Driver\Src\stm32f4xx_hal_rcc_ex.o
 .ARM.attributes
                0x00000302       0x39 Drivers\STM32F4xx_HAL_Driver\Src\stm32f4xx_hal_tim.o
 .ARM.attributes
                0x0000033b       0x39 Drivers\STM32F4xx_HAL_Driver\Src\stm32f4xx_hal_tim_ex.o
 .ARM.attributes
                0x00000374       0x39 deltav_can\deltav_can.o
 .ARM.attributes
                0x000003ad       0x21 startup\startup_stm32f446xx.o
 .ARM.attributes
                0x000003ce       0x34 c:/program files (x86)/atollic/truestudio for stm32 9.3.0/armtools/bin/../lib/gcc/arm-atollic-eabi/6.3.1/../../../../arm-atollic-eabi/lib/armv7e-m/fpu\libc_nano.a(lib_a-init.o)
 .ARM.attributes
                0x00000402       0x34 c:/program files (x86)/atollic/truestudio for stm32 9.3.0/armtools/bin/../lib/gcc/arm-atollic-eabi/6.3.1/../../../../arm-atollic-eabi/lib/armv7e-m/fpu\libc_nano.a(lib_a-memset.o)
 .ARM.attributes
                0x00000436       0x22 c:/program files (x86)/atollic/truestudio for stm32 9.3.0/armtools/bin/../lib/gcc/arm-atollic-eabi/6.3.1/armv7e-m/fpu\libgcc.a(_aeabi_uldivmod.o)
 .ARM.attributes
                0x00000458       0x34 c:/program files (x86)/atollic/truestudio for stm32 9.3.0/armtools/bin/../lib/gcc/arm-atollic-eabi/6.3.1/armv7e-m/fpu\libgcc.a(_udivmoddi4.o)
 .ARM.attributes
                0x0000048c       0x22 c:/program files (x86)/atollic/truestudio for stm32 9.3.0/armtools/bin/../lib/gcc/arm-atollic-eabi/6.3.1/armv7e-m/fpu\libgcc.a(_dvmd_tls.o)
 .ARM.attributes
                0x000004ae       0x22 c:/program files (x86)/atollic/truestudio for stm32 9.3.0/armtools/bin/../lib/gcc/arm-atollic-eabi/6.3.1/armv7e-m/fpu/crtn.o
OUTPUT(001_HAL_CANBUS_NORMAL_MODE_BOARD2.elf elf32-littlearm)

.debug_info     0x00000000     0xd28c
 .debug_info    0x00000000     0x1658 Core\Src\main.o
 .debug_info    0x00001658      0xb0e Core\Src\stm32f4xx_hal_msp.o
 .debug_info    0x00002166      0xc19 Core\Src\stm32f4xx_hal_timebase_tim.o
 .debug_info    0x00002d7f      0xe3e Core\Src\stm32f4xx_it.o
 .debug_info    0x00003bbd      0x58a Core\Src\system_stm32f4xx.o
 .debug_info    0x00004147      0x996 Drivers\STM32F4xx_HAL_Driver\Src\stm32f4xx_hal.o
 .debug_info    0x00004add      0xfac Drivers\STM32F4xx_HAL_Driver\Src\stm32f4xx_hal_can.o
 .debug_info    0x00005a89      0xe46 Drivers\STM32F4xx_HAL_Driver\Src\stm32f4xx_hal_cortex.o
 .debug_info    0x000068cf      0x811 Drivers\STM32F4xx_HAL_Driver\Src\stm32f4xx_hal_gpio.o
 .debug_info    0x000070e0      0x760 Drivers\STM32F4xx_HAL_Driver\Src\stm32f4xx_hal_pwr_ex.o
 .debug_info    0x00007840      0x943 Drivers\STM32F4xx_HAL_Driver\Src\stm32f4xx_hal_rcc.o
 .debug_info    0x00008183      0x9e3 Drivers\STM32F4xx_HAL_Driver\Src\stm32f4xx_hal_rcc_ex.o
 .debug_info    0x00008b66     0x29a9 Drivers\STM32F4xx_HAL_Driver\Src\stm32f4xx_hal_tim.o
 .debug_info    0x0000b50f     0x1465 Drivers\STM32F4xx_HAL_Driver\Src\stm32f4xx_hal_tim_ex.o
 .debug_info    0x0000c974      0x884 deltav_can\deltav_can.o
 .debug_info    0x0000d1f8       0x94 startup\startup_stm32f446xx.o

.debug_abbrev   0x00000000     0x1cf3
 .debug_abbrev  0x00000000      0x286 Core\Src\main.o
 .debug_abbrev  0x00000286      0x1a4 Core\Src\stm32f4xx_hal_msp.o
 .debug_abbrev  0x0000042a      0x196 Core\Src\stm32f4xx_hal_timebase_tim.o
 .debug_abbrev  0x000005c0      0x1f3 Core\Src\stm32f4xx_it.o
 .debug_abbrev  0x000007b3      0x126 Core\Src\system_stm32f4xx.o
 .debug_abbrev  0x000008d9      0x1c2 Drivers\STM32F4xx_HAL_Driver\Src\stm32f4xx_hal.o
 .debug_abbrev  0x00000a9b      0x218 Drivers\STM32F4xx_HAL_Driver\Src\stm32f4xx_hal_can.o
 .debug_abbrev  0x00000cb3      0x2f5 Drivers\STM32F4xx_HAL_Driver\Src\stm32f4xx_hal_cortex.o
 .debug_abbrev  0x00000fa8      0x1c4 Drivers\STM32F4xx_HAL_Driver\Src\stm32f4xx_hal_gpio.o
 .debug_abbrev  0x0000116c      0x1b3 Drivers\STM32F4xx_HAL_Driver\Src\stm32f4xx_hal_pwr_ex.o
 .debug_abbrev  0x0000131f      0x240 Drivers\STM32F4xx_HAL_Driver\Src\stm32f4xx_hal_rcc.o
 .debug_abbrev  0x0000155f      0x1b7 Drivers\STM32F4xx_HAL_Driver\Src\stm32f4xx_hal_rcc_ex.o
 .debug_abbrev  0x00001716      0x229 Drivers\STM32F4xx_HAL_Driver\Src\stm32f4xx_hal_tim.o
 .debug_abbrev  0x0000193f      0x22f Drivers\STM32F4xx_HAL_Driver\Src\stm32f4xx_hal_tim_ex.o
 .debug_abbrev  0x00001b6e      0x173 deltav_can\deltav_can.o
 .debug_abbrev  0x00001ce1       0x12 startup\startup_stm32f446xx.o

.debug_aranges  0x00000000      0xc58
 .debug_aranges
                0x00000000       0xb0 Core\Src\main.o
 .debug_aranges
                0x000000b0       0x30 Core\Src\stm32f4xx_hal_msp.o
 .debug_aranges
                0x000000e0       0x30 Core\Src\stm32f4xx_hal_timebase_tim.o
 .debug_aranges
                0x00000110       0x90 Core\Src\stm32f4xx_it.o
 .debug_aranges
                0x000001a0       0x28 Core\Src\system_stm32f4xx.o
 .debug_aranges
                0x000001c8       0xf0 Drivers\STM32F4xx_HAL_Driver\Src\stm32f4xx_hal.o
 .debug_aranges
                0x000002b8      0x138 Drivers\STM32F4xx_HAL_Driver\Src\stm32f4xx_hal_can.o
 .debug_aranges
                0x000003f0      0x118 Drivers\STM32F4xx_HAL_Driver\Src\stm32f4xx_hal_cortex.o
 .debug_aranges
                0x00000508       0x58 Drivers\STM32F4xx_HAL_Driver\Src\stm32f4xx_hal_gpio.o
 .debug_aranges
                0x00000560       0x60 Drivers\STM32F4xx_HAL_Driver\Src\stm32f4xx_hal_pwr_ex.o
 .debug_aranges
                0x000005c0       0x88 Drivers\STM32F4xx_HAL_Driver\Src\stm32f4xx_hal_rcc.o
 .debug_aranges
                0x00000648       0x78 Drivers\STM32F4xx_HAL_Driver\Src\stm32f4xx_hal_rcc_ex.o
 .debug_aranges
                0x000006c0      0x3d0 Drivers\STM32F4xx_HAL_Driver\Src\stm32f4xx_hal_tim.o
 .debug_aranges
                0x00000a90      0x168 Drivers\STM32F4xx_HAL_Driver\Src\stm32f4xx_hal_tim_ex.o
 .debug_aranges
                0x00000bf8       0x38 deltav_can\deltav_can.o
 .debug_aranges
                0x00000c30       0x28 startup\startup_stm32f446xx.o

.debug_ranges   0x00000000      0xb60
 .debug_ranges  0x00000000       0xa0 Core\Src\main.o
 .debug_ranges  0x000000a0       0x20 Core\Src\stm32f4xx_hal_msp.o
 .debug_ranges  0x000000c0       0x20 Core\Src\stm32f4xx_hal_timebase_tim.o
 .debug_ranges  0x000000e0       0x80 Core\Src\stm32f4xx_it.o
 .debug_ranges  0x00000160       0x18 Core\Src\system_stm32f4xx.o
 .debug_ranges  0x00000178       0xe0 Drivers\STM32F4xx_HAL_Driver\Src\stm32f4xx_hal.o
 .debug_ranges  0x00000258      0x128 Drivers\STM32F4xx_HAL_Driver\Src\stm32f4xx_hal_can.o
 .debug_ranges  0x00000380      0x108 Drivers\STM32F4xx_HAL_Driver\Src\stm32f4xx_hal_cortex.o
 .debug_ranges  0x00000488       0x48 Drivers\STM32F4xx_HAL_Driver\Src\stm32f4xx_hal_gpio.o
 .debug_ranges  0x000004d0       0x50 Drivers\STM32F4xx_HAL_Driver\Src\stm32f4xx_hal_pwr_ex.o
 .debug_ranges  0x00000520       0x78 Drivers\STM32F4xx_HAL_Driver\Src\stm32f4xx_hal_rcc.o
 .debug_ranges  0x00000598       0x68 Drivers\STM32F4xx_HAL_Driver\Src\stm32f4xx_hal_rcc_ex.o
 .debug_ranges  0x00000600      0x3c0 Drivers\STM32F4xx_HAL_Driver\Src\stm32f4xx_hal_tim.o
 .debug_ranges  0x000009c0      0x158 Drivers\STM32F4xx_HAL_Driver\Src\stm32f4xx_hal_tim_ex.o
 .debug_ranges  0x00000b18       0x28 deltav_can\deltav_can.o
 .debug_ranges  0x00000b40       0x20 startup\startup_stm32f446xx.o

.debug_line     0x00000000     0x60cb
 .debug_line    0x00000000      0x46c Core\Src\main.o
 .debug_line    0x0000046c      0x25a Core\Src\stm32f4xx_hal_msp.o
 .debug_line    0x000006c6      0x284 Core\Src\stm32f4xx_hal_timebase_tim.o
 .debug_line    0x0000094a      0x3ad Core\Src\stm32f4xx_it.o
 .debug_line    0x00000cf7      0x20e Core\Src\system_stm32f4xx.o
 .debug_line    0x00000f05      0x41f Drivers\STM32F4xx_HAL_Driver\Src\stm32f4xx_hal.o
 .debug_line    0x00001324      0x6ed Drivers\STM32F4xx_HAL_Driver\Src\stm32f4xx_hal_can.o
 .debug_line    0x00001a11      0x553 Drivers\STM32F4xx_HAL_Driver\Src\stm32f4xx_hal_cortex.o
 .debug_line    0x00001f64      0x3f0 Drivers\STM32F4xx_HAL_Driver\Src\stm32f4xx_hal_gpio.o
 .debug_line    0x00002354      0x311 Drivers\STM32F4xx_HAL_Driver\Src\stm32f4xx_hal_pwr_ex.o
 .debug_line    0x00002665      0x4c6 Drivers\STM32F4xx_HAL_Driver\Src\stm32f4xx_hal_rcc.o
 .debug_line    0x00002b2b      0x660 Drivers\STM32F4xx_HAL_Driver\Src\stm32f4xx_hal_rcc_ex.o
 .debug_line    0x0000318b     0x1e21 Drivers\STM32F4xx_HAL_Driver\Src\stm32f4xx_hal_tim.o
 .debug_line    0x00004fac      0xe0b Drivers\STM32F4xx_HAL_Driver\Src\stm32f4xx_hal_tim_ex.o
 .debug_line    0x00005db7      0x293 deltav_can\deltav_can.o
 .debug_line    0x0000604a       0x81 startup\startup_stm32f446xx.o

.debug_str      0x00000000     0x3d96
 .debug_str     0x00000000     0x1486 Core\Src\main.o
                               0x158d (size before relaxing)
 .debug_str     0x00001486       0x4e Core\Src\stm32f4xx_hal_msp.o
                                0xc21 (size before relaxing)
 .debug_str     0x000014d4       0xab Core\Src\stm32f4xx_hal_timebase_tim.o
                                0xf3c (size before relaxing)
 .debug_str     0x0000157f      0x12d Core\Src\stm32f4xx_it.o
                                0xcf5 (size before relaxing)
 .debug_str     0x000016ac       0xaf Core\Src\system_stm32f4xx.o
                                0x46d (size before relaxing)
 .debug_str     0x0000175b      0x26b Drivers\STM32F4xx_HAL_Driver\Src\stm32f4xx_hal.o
                                0xbfb (size before relaxing)
 .debug_str     0x000019c6      0x2c6 Drivers\STM32F4xx_HAL_Driver\Src\stm32f4xx_hal_can.o
                                0xb3e (size before relaxing)
 .debug_str     0x00001c8c      0x49e Drivers\STM32F4xx_HAL_Driver\Src\stm32f4xx_hal_cortex.o
                                0xd5a (size before relaxing)
 .debug_str     0x0000212a      0x158 Drivers\STM32F4xx_HAL_Driver\Src\stm32f4xx_hal_gpio.o
                                0x604 (size before relaxing)
 .debug_str     0x00002282      0x158 Drivers\STM32F4xx_HAL_Driver\Src\stm32f4xx_hal_pwr_ex.o
                                0x5e3 (size before relaxing)
 .debug_str     0x000023da      0x1af Drivers\STM32F4xx_HAL_Driver\Src\stm32f4xx_hal_rcc.o
                                0x7c0 (size before relaxing)
 .debug_str     0x00002589      0x33f Drivers\STM32F4xx_HAL_Driver\Src\stm32f4xx_hal_rcc_ex.o
                                0x8d1 (size before relaxing)
 .debug_str     0x000028c8      0xebc Drivers\STM32F4xx_HAL_Driver\Src\stm32f4xx_hal_tim.o
                               0x1777 (size before relaxing)
 .debug_str     0x00003784      0x5c5 Drivers\STM32F4xx_HAL_Driver\Src\stm32f4xx_hal_tim_ex.o
                                0xf28 (size before relaxing)
 .debug_str     0x00003d49       0x4d deltav_can\deltav_can.o
                                0x704 (size before relaxing)

.comment        0x00000000       0x7c
 .comment       0x00000000       0x7c Core\Src\main.o
                                 0x7d (size before relaxing)
 .comment       0x0000007c       0x7d Core\Src\stm32f4xx_hal_msp.o
 .comment       0x0000007c       0x7d Core\Src\stm32f4xx_hal_timebase_tim.o
 .comment       0x0000007c       0x7d Core\Src\stm32f4xx_it.o
 .comment       0x0000007c       0x7d Core\Src\system_stm32f4xx.o
 .comment       0x0000007c       0x7d Drivers\STM32F4xx_HAL_Driver\Src\stm32f4xx_hal.o
 .comment       0x0000007c       0x7d Drivers\STM32F4xx_HAL_Driver\Src\stm32f4xx_hal_can.o
 .comment       0x0000007c       0x7d Drivers\STM32F4xx_HAL_Driver\Src\stm32f4xx_hal_cortex.o
 .comment       0x0000007c       0x7d Drivers\STM32F4xx_HAL_Driver\Src\stm32f4xx_hal_gpio.o
 .comment       0x0000007c       0x7d Drivers\STM32F4xx_HAL_Driver\Src\stm32f4xx_hal_pwr_ex.o
 .comment       0x0000007c       0x7d Drivers\STM32F4xx_HAL_Driver\Src\stm32f4xx_hal_rcc.o
 .comment       0x0000007c       0x7d Drivers\STM32F4xx_HAL_Driver\Src\stm32f4xx_hal_rcc_ex.o
 .comment       0x0000007c       0x7d Drivers\STM32F4xx_HAL_Driver\Src\stm32f4xx_hal_tim.o
 .comment       0x0000007c       0x7d Drivers\STM32F4xx_HAL_Driver\Src\stm32f4xx_hal_tim_ex.o
 .comment       0x0000007c       0x7d deltav_can\deltav_can.o

.debug_frame    0x00000000     0x3344
 .debug_frame   0x00000000      0x2d4 Core\Src\main.o
 .debug_frame   0x000002d4       0x7c Core\Src\stm32f4xx_hal_msp.o
 .debug_frame   0x00000350       0x74 Core\Src\stm32f4xx_hal_timebase_tim.o
 .debug_frame   0x000003c4      0x1bc Core\Src\stm32f4xx_it.o
 .debug_frame   0x00000580       0x58 Core\Src\system_stm32f4xx.o
 .debug_frame   0x000005d8      0x374 Drivers\STM32F4xx_HAL_Driver\Src\stm32f4xx_hal.o
 .debug_frame   0x0000094c      0x5a0 Drivers\STM32F4xx_HAL_Driver\Src\stm32f4xx_hal_can.o
 .debug_frame   0x00000eec      0x498 Drivers\STM32F4xx_HAL_Driver\Src\stm32f4xx_hal_cortex.o
 .debug_frame   0x00001384      0x14c Drivers\STM32F4xx_HAL_Driver\Src\stm32f4xx_hal_gpio.o
 .debug_frame   0x000014d0      0x14c Drivers\STM32F4xx_HAL_Driver\Src\stm32f4xx_hal_pwr_ex.o
 .debug_frame   0x0000161c      0x1f8 Drivers\STM32F4xx_HAL_Driver\Src\stm32f4xx_hal_rcc.o
 .debug_frame   0x00001814      0x1e8 Drivers\STM32F4xx_HAL_Driver\Src\stm32f4xx_hal_rcc_ex.o
 .debug_frame   0x000019fc     0x11c4 Drivers\STM32F4xx_HAL_Driver\Src\stm32f4xx_hal_tim.o
 .debug_frame   0x00002bc0      0x638 Drivers\STM32F4xx_HAL_Driver\Src\stm32f4xx_hal_tim_ex.o
 .debug_frame   0x000031f8       0xa0 deltav_can\deltav_can.o
 .debug_frame   0x00003298       0x2c c:/program files (x86)/atollic/truestudio for stm32 9.3.0/armtools/bin/../lib/gcc/arm-atollic-eabi/6.3.1/../../../../arm-atollic-eabi/lib/armv7e-m/fpu\libc_nano.a(lib_a-init.o)
 .debug_frame   0x000032c4       0x20 c:/program files (x86)/atollic/truestudio for stm32 9.3.0/armtools/bin/../lib/gcc/arm-atollic-eabi/6.3.1/../../../../arm-atollic-eabi/lib/armv7e-m/fpu\libc_nano.a(lib_a-memset.o)
 .debug_frame   0x000032e4       0x2c c:/program files (x86)/atollic/truestudio for stm32 9.3.0/armtools/bin/../lib/gcc/arm-atollic-eabi/6.3.1/armv7e-m/fpu\libgcc.a(_aeabi_uldivmod.o)
 .debug_frame   0x00003310       0x34 c:/program files (x86)/atollic/truestudio for stm32 9.3.0/armtools/bin/../lib/gcc/arm-atollic-eabi/6.3.1/armv7e-m/fpu\libgcc.a(_udivmoddi4.o)
