main.c:72:5:main	32	static
main.c:123:6:SystemClock_Config	88	static
main.c:173:13:MX_CAN1_Init	8	static
main.c:210:13:MX_GPIO_Init	40	static
main.c:261:6:CAN1_Tx	56	static
main.c:289:6:CAN_Start	16	static
main.c:303:6:CAN1_Rx	48	static
main.c:366:6:CAN1_FilterConfig	64	static
main.c:390:6:HAL_CAN_TxMailbox0CompleteCallback	16	static
main.c:394:6:HAL_CAN_TxMailbox1CompleteCallback	16	static
main.c:399:6:HAL_CAN_TxMailbox2CompleteCallback	16	static
main.c:403:6:HAL_CAN_TxMailbox0AbortCallback	16	static
main.c:407:6:HAL_CAN_TxMailbox1AbortCallback	16	static
main.c:411:6:HAL_CAN_TxMailbox2AbortCallback	16	static
main.c:415:6:HAL_CAN_RxFifo0MsgPendingCallback	16	static
main.c:420:6:HAL_CAN_RxFifo0FullCallback	16	static
main.c:424:6:HAL_CAN_RxFifo1MsgPendingCallback	16	static
main.c:428:6:HAL_CAN_RxFifo1FullCallback	16	static
main.c:432:6:HAL_CAN_SleepCallback	16	static
main.c:436:6:HAL_CAN_WakeUpFromRxMsgCallback	16	static
main.c:440:6:HAL_CAN_ErrorCallback	16	static
main.c:454:6:HAL_TIM_PeriodElapsedCallback	16	static
main.c:471:6:Error_Handler	4	static
